#  Generated on:      Wed Sep 10 13:44:09 2025
#  Design:            cdn_sd2101_i3p765_vm130_6x2ya2yb2yc2yd1ye1ga1gb
#  Command:           report_noise -failure -sort_by noise -txtfile rpts/func_rcff_0p825v_125c_pcff_cmin_pcff3_hold/cdn_sd2101_i3p765_vm130_6x2ya2yb2yc2yd1ye1ga1gb_noise.delay.rpt
#  View:              func_rcff_0p825v_125c_pcff_cmin_pcff3_hold
###############################################################

Report Options:
--------------------------------------------------------------------------------
 -type glitch
 -threshold 0 % (of vdd)
 [-style default]
 -failure
 [-sortBy noise]
Level     : VH and VL
--------------------------------------------------------------------------------
--------------------------------------------------------------------------------------------------  
                 Input                       Internal                    Last                       
--------------------------------------------------------------------------------------------------  
          VL             VH             VL             VH             VL             VH             
--------------------------------------------------------------------------------------------------  
Clock     0.400          0.400          0.050          0.050          0.050          0.050          
--------------------------------------------------------------------------------------------------  
Data      0.400          0.400          0.300          0.300          0.150          0.150          
--------------------------------------------------------------------------------------------------  
Latch     0.400          0.400          0.100          0.100          0.100          0.100          
--------------------------------------------------------------------------------------------------  

Glitch Violations Summary :
--------------------------
Number of DC tolerance violations (VH + VL) = 0
Number of Receiver Output Peak violations (VH + VL) = 0
Number of total problem noise nets = 0

--------------------------------------------------------------------------------