Reporting registers that pass DFT rules
  u_accum/accumulator_reg[0] 	PASS; Test clock: cmnda_scan_clock/rise; Mapped for DFT; 
  u_accum/accumulator_reg[10] 	PASS; Test clock: cmnda_scan_clock/rise; Mapped for DFT;
Reporting registers that fail DFT rules
  ttttt
Reporting registers that are preserved or marked dont-scan
Reporting registers that are marked Abstract Segment Dont Scan
Reporting registers that are part of shift register segments
Reporting registers that are identified as lockup elements
Reporting registers that are level-sensitive elements
Reporting misc. non-scan registers
  u_accum/genus_inserted_cg_RC_CG_HIER_INST3/RC_CGIC_INST 
  u_cmn_cpi_sreg_if/genus_inserted_cg_RC_CG_HIER_INST1/RC_CGIC_INST 
  u_cmn_dpi_sreg_if/genus_inserted_cg_RC_CG_HIER_INST0/RC_CGIC_INST 
  u_phalign_fsm/u_counter/genus_inserted_cg_RC_CG_HIER_INST2/RC_CGIC_INST 
Reporting registers that pass dft rule checks and are not a part of scan chains
  aaaaaa
  bbbbbb
Reporting abstract segments that pass dft rule checks and are not a part of scan chains
Summary: 
Total registers that pass DFT rules: 2
Total registers that fail DFT rules: 1
Total registers that are marked preserved or dont-scan: 0
Total registers that are marked Abstract Segment dont-scan: 0
Total registers that are part of shift register segments: 0
Total registers that are lockup elements: 0
Total registers that are level-sensitive: 0
Total registers that are misc. non-scan: 4
Total registers that pass dft rule checks and are not a part of scan chains: 2
Total abstract segments that pass dft rule checks and are not a part of scan chains: 0
