====================================================================================================
  Rule Name                                           Severity  Analysis Style     Status
                                                                A1 = Pre-sim
                                                                A2 = Pre-syn
                                                                A3 = Post-syn
                                                                A4 = Pre-route
                                                                A5 = Post-route
----------------------------------------------------------------------------------------------------
  1801_LINT_CMD_UNKNOWN                               Error     A1|A2|A3|A4|A5     Pass
  1801_LINT_CMD_INCORRECT_VERSION                     Error     A1|A2|A3|A4|A5     Pass
  1801_LINT_CMD_UNSUPPORTED                           Error     A1|A2|A3|A4|A5     Pass
  1801_LINT_CMD_LEGACY                                Warning   A1|A2|A3|A4|A5     Pass
  1801_LINT_CMD_DEPRECATED                            Warning   A1|A2|A3|A4|A5     Pass
  1801_LINT_CMD_TCL_ISSUE                             Error     A1|A2|A3|A4|A5     Pass
  1801_LINT_CMD_CHANGING_VERSION                      Note      A1|A2|A3|A4|A5     Pass
  1801_LINT_CMD_FORBIDDEN                             Error     A1|A2|A3|A4|A5     Pass
  1801_LINT_CMD_POSSIBLE_TCL_ISSUE                    Warning   A1|A2|A3|A4|A5     Pass
  1801_LINT_CMD_POSSIBLE_TCL_ISSUE_IGNORED            Note      A1|A2|A3|A4|A5     Pass
  1801_LINT_CMD_OBSOLETED                             Error     A1|A2|A3|A4|A5     Pass
  1801_LINT_OPT_UNKNOWN                               Error     A1|A2|A3|A4|A5     Pass
  1801_LINT_OPT_INCORRECT_VERSION                     Error     A1|A2|A3|A4|A5     Pass
  1801_LINT_OPT_UNSUPPORTED                           Error     A1|A2|A3|A4|A5     Pass
  1801_LINT_OPT_LEGACY                                Warning   A1|A2|A3|A4|A5     Pass
  1801_LINT_OPT_DEPRECATED                            Warning   A1|A2|A3|A4|A5     Pass
  1801_PD_PRIMARY_SUPPLY_NET_MISSING                  Error     --|--|--|A4|A5     Not-Applicable
  1801_SUPPLY_SET_NEVER_FULLY_ON                      Error     A1|A2|A3|A4|A5     Pass
  1801_PD_INST_NOT_IN_ANY_DOMAIN                      Error     A1|A2|A3|A4|A5     Pass
  1801_PD_INST_DOMAIN_CONFLICT                        Error     A1|A2|A3|A4|A5     Pass
  1801_SUPPLY_ATTR_DESIGN_CONFLICT                    Warning   A1|A2|A3|A4|A5     Pass
  1801_PD_INST_WELL_STRUCT_CONFLICT_SOI               Ignore    A1|A2|A3|A4|A5     Ignored
  1801_PD_ELEMENT_EMPTY_LIST                          Ignore    A1|A2|A3|A4|A5     Ignored
  CROSSING_OFF_TO_ON_ISO                              Error     A1|A2|A3|A4|A5     Pass
  CROSSING_OFF_TO_ON_PSW                              Error     A1|A2|A3|A4|A5     Pass
  CROSSING_OFF_TO_ON_AON                              Error     A1|A2|A3|A4|A5     Pass
  CROSSING_FUNC_PATH_BUF_OFF                          Warning   A1|A2|A3|A4|A5     Pass
  CROSSING_FUNC_PATH_ISO_OFF                          Warning   A1|A2|A3|A4|A5     Pass
  CROSSING_FUNC_PATH_LSH_OFF                          Warning   A1|A2|A3|A4|A5     Pass
  CROSSING_VOLTAGE_CONFLICT_LSH                       Error     A1|A2|A3|A4|A5     Pass
  CROSSING_VOLTAGE_CONFLICT_NOLSH                     Error     A1|A2|A3|A4|A5     Pass

