PASS:IMP-11-0-0-06:Confirm use the proper spice model and spice netlist to generate the PGV views.(check the Note)
Info Occurrence: 10
1: Info: /process/tsmcN5/data/g/PDK/tsmc5g.a.13/models/spectre_v1d2_2p5/ir_em.scs. In line 26, C:\dev_workspace\AI-Agent Checklist Automation\CHECKLIST\CHECKLIST\IP_project_folder\logs\stdcell_ffgnp_0p825v_125c_cbest_CCbest_T.LibGen.log: SPICE configuration extracted and reported for user verification
2: Info: /process/tsmcN5/data/g/PEGASUS/LVS/current/source.added. In line 26, C:\dev_workspace\AI-Agent Checklist Automation\CHECKLIST\CHECKLIST\IP_project_folder\logs\stdcell_ffgnp_0p825v_125c_cbest_CCbest_T.LibGen.log: SPICE configuration extracted and reported for user verification
3: Info: /process/tsmcN5/data/stdcell/n5/TSMC/tcbn05_bwph210l6p51cnod_lvl_elvt_120c/lpe_spice/tcbn05_bwph210l6p51cnod_lvl_elvt_lpe_cworst_CCworst_T_125c.spi. In line 26, C:\dev_workspace\AI-Agent Checklist Automation\CHECKLIST\CHECKLIST\IP_project_folder\logs\stdcell_ffgnp_0p825v_125c_cbest_CCbest_T.LibGen.log: SPICE configuration extracted and reported for user verification
4: Info: /process/tsmcN5/data/stdcell/n5/TSMC/tcbn05_bwph210l6p51cnod_lvl_lvt_120c/lpe_spice/tcbn05_bwph210l6p51cnod_lvl_lvt_lpe_cworst_CCworst_T_125c.spi. In line 26, C:\dev_workspace\AI-Agent Checklist Automation\CHECKLIST\CHECKLIST\IP_project_folder\logs\stdcell_ffgnp_0p825v_125c_cbest_CCbest_T.LibGen.log: SPICE configuration extracted and reported for user verification
5: Info: /process/tsmcN5/data/stdcell/n5/TSMC/tcbn05_bwph210l6p51cnod_lvl_lvtll_120c/lpe_spice/tcbn05_bwph210l6p51cnod_lvl_lvtll_lpe_cworst_CCworst_T_125c.spi. In line 26, C:\dev_workspace\AI-Agent Checklist Automation\CHECKLIST\CHECKLIST\IP_project_folder\logs\stdcell_ffgnp_0p825v_125c_cbest_CCbest_T.LibGen.log: SPICE configuration extracted and reported for user verification
6: Info: /process/tsmcN5/data/stdcell/n5/TSMC/tcbn05_bwph210l6p51cnod_lvl_svt_120c/lpe_spice/tcbn05_bwph210l6p51cnod_lvl_svt_lpe_cworst_CCworst_T_125c.spi. In line 26, C:\dev_workspace\AI-Agent Checklist Automation\CHECKLIST\CHECKLIST\IP_project_folder\logs\stdcell_ffgnp_0p825v_125c_cbest_CCbest_T.LibGen.log: SPICE configuration extracted and reported for user verification
7: Info: /process/tsmcN5/data/stdcell/n5/TSMC/tcbn05_bwph210l6p51cnod_lvl_ulvt_120c/lpe_spice/tcbn05_bwph210l6p51cnod_lvl_ulvt_lpe_cworst_CCworst_T_125c.spi. In line 26, C:\dev_workspace\AI-Agent Checklist Automation\CHECKLIST\CHECKLIST\IP_project_folder\logs\stdcell_ffgnp_0p825v_125c_cbest_CCbest_T.LibGen.log: SPICE configuration extracted and reported for user verification
8: Info: /process/tsmcN5/data/stdcell/n5/TSMC/tcbn05_bwph210l6p51cnod_lvl_ulvtll_120c/lpe_spice/tcbn05_bwph210l6p51cnod_lvl_ulvtll_lpe_cworst_CCworst_T_125c.spi. In line 26, C:\dev_workspace\AI-Agent Checklist Automation\CHECKLIST\CHECKLIST\IP_project_folder\logs\stdcell_ffgnp_0p825v_125c_cbest_CCbest_T.LibGen.log: SPICE configuration extracted and reported for user verification
9: Info: /process/tsmcN5/data/stdcell/n5/TSMC/tphn05_12gpio_120b/lpe_spice/tphn05_12gpio_lpe_cworst_CCworst_T.spi. In line 26, C:\dev_workspace\AI-Agent Checklist Automation\CHECKLIST\CHECKLIST\IP_project_folder\logs\gpio_ffgnp_0p825v_125c_cbest_CCbest_T.LibGen.log: SPICE configuration extracted and reported for user verification
10: Info: /projects/TC70_LPDDR6_N5P/libs/libGen/lijing/scripts/sram/ts1n05mblvta16384x39m16qwbzhodcp.spi. In line 26, C:\dev_workspace\AI-Agent Checklist Automation\CHECKLIST\CHECKLIST\IP_project_folder\logs\sram_ffgnp_0p825v_125c_cbest_CCbest_T.LibGen.log: SPICE configuration extracted and reported for user verification
