# format : frame 0 : split 1

Check type : max_capacitance
---------------------------
     ----------------------------------------------------------------------------------------------  
      Pin Name               Required          Actual            Slack             View              
     ----------------------------------------------------------------------------------------------  
     atb_0                 0.0830            0.1417            -0.0587           func_rcff_0p825v_125c_pcff_cmin_pcss3_hold

     atb_1                 0.0830            0.1417            -0.0587           func_rcff_0p825v_125c_pcff_cmin_pcss3_hold

     cmnda_rext            0.0830            0.1275            -0.0445           func_rcff_0p825v_125c_pcff_cmin_pcss3_hold

     u_pma_top/u_pma_ana_wrapper/u_pma_ana/cmnda_atb_core_0
                                                                                 0.1000            0.1417            -0.0417           func_rcff_0p825v_125c_pcff_cmin_pcss3_hold

     u_pma_top/u_pma_ana_wrapper/u_pma_ana/cmnda_atb_core_1
                                                                                                        0.1000            0.1417            -0.0417           func_rcff_0p825v_125c_pcff_cmin_pcss3_hold
