PASS:IMP-9-0-0-04:Confirm no physically open nets in QRC imcomplete net report.
Warn Occurrence: 2
1: Warn: inst_data_path_top/inst_control_macro/debug_signal_unrouted: Waiver pattern not matched to any physically open net: Waived - test point for probe access, no functional impact[WAIVER]
2: Warn: inst_data_path_top/inst_data_byte_macro/FE_OFN11025_param_phy_rdlvl_rd4_mux_control_2: Waiver pattern not matched to any physically open net: Waived - debug signal intentionally left unconnected per design review[WAIVER]
Info Occurrence: 20
1: Info: inst_aging_lpi_clkswitch_phy/inst_aging_mux2/CTS_1. In line 17, C:\Users\yuyin\OneDrive - Cadence Design Systems Inc\2025\Checklist\AAI\CHECKLIST_V3\CHECKLIST\IP_project_folder\logs\9.0\CDN_104H_cdn_hs_phy_data_slice_EW_typical_85c.incompletenets: Single-pin net connected to physical wire (acceptable)
2: Info: inst_data_path_top/inst_data_byte_macro/FE_OFN11022_param_phy_rdlvl_rd4_mux_control_2. In line 15, C:\Users\yuyin\OneDrive - Cadence Design Systems Inc\2025\Checklist\AAI\CHECKLIST_V3\CHECKLIST\IP_project_folder\logs\9.0\CDN_104H_cdn_hs_phy_data_slice_EW_rcbest_CCbest_125c.incompletenets: Single-pin net connected to physical wire (acceptable)
3: Info: inst_data_path_top/inst_data_byte_macro/FE_OFN11025_param_phy_rdlvl_rd4_mux_control_2. In line 13, C:\Users\yuyin\OneDrive - Cadence Design Systems Inc\2025\Checklist\AAI\CHECKLIST_V3\CHECKLIST\IP_project_folder\logs\9.0\CDN_104H_cdn_hs_phy_data_slice_EW_rcbest_CCbest_125c.incompletenets: Single-pin net connected to physical wire (acceptable)
4: Info: inst_data_path_top/inst_data_byte_macro/inst_bit_macro_dq3/inst_rddq/inst_rddq_input_macro/inst_rddq_slv_dly_macro_oh/inst_rddq_match_delay_line/UNCONNECTED84. In line 11, C:\Users\yuyin\OneDrive - Cadence Design Systems Inc\2025\Checklist\AAI\CHECKLIST_V3\CHECKLIST\IP_project_folder\logs\9.0\CDN_104H_cdn_hs_phy_data_slice_EW_rcbest_CCbest_125c.incompletenets: Single-pin net connected to physical wire (acceptable)
5: Info: inst_data_path_top/inst_data_byte_macro/inst_bit_macro_dq7/inst_rddq/inst_rddq_input_macro/inst_rddq_slv_dly_macro_oh/inst_rddq_dfe_fdbk_match_delay_line/inst_dly_clkgate_latn/n_1. In line 11, C:\Users\yuyin\OneDrive - Cadence Design Systems Inc\2025\Checklist\AAI\CHECKLIST_V3\CHECKLIST\IP_project_folder\logs\9.0\CDN_104H_cdn_hs_phy_data_slice_EW_typical_85c.incompletenets: Single-pin net connected to physical wire (acceptable)
6: Info: inst_data_path_top/inst_data_byte_macro/inst_bit_macro_dq7/inst_rddq/inst_rddq_input_macro/inst_rddq_slv_dly_macro_oh/inst_rddq_match_delay_line/inst_ddl_fdbk_nand2_0/n_1. In line 13, C:\Users\yuyin\OneDrive - Cadence Design Systems Inc\2025\Checklist\AAI\CHECKLIST_V3\CHECKLIST\IP_project_folder\logs\9.0\CDN_104H_cdn_hs_phy_data_slice_EW_typical_85c.incompletenets: Single-pin net connected to physical wire (acceptable)
7: Info: inst_data_path_top/inst_data_byte_macro/inst_bit_macro_dq7/inst_rddq/inst_rddq_input_macro/inst_rddq_slv_dly_macro_ol/inst_rddq_dfe_fdbk_delay_line/inst_generic_delay_line/UNCONNECTED92. In line 15, C:\Users\yuyin\OneDrive - Cadence Design Systems Inc\2025\Checklist\AAI\CHECKLIST_V3\CHECKLIST\IP_project_folder\logs\9.0\CDN_104H_cdn_hs_phy_data_slice_EW_typical_85c.incompletenets: Single-pin net connected to physical wire (acceptable)
8: Info: inst_data_path_top/inst_data_byte_macro/inst_bit_macro_dq7/inst_rddq/inst_rddq_input_macro/inst_rddq_slv_dly_macro_ol/inst_rddq_match_delay_line/inst_ddl_fdbk_nand2_0/n_1. In line 19, C:\Users\yuyin\OneDrive - Cadence Design Systems Inc\2025\Checklist\AAI\CHECKLIST_V3\CHECKLIST\IP_project_folder\logs\9.0\CDN_104H_cdn_hs_phy_data_slice_EW_typical_85c.incompletenets: Single-pin net connected to physical wire (acceptable)
9: Info: inst_data_path_top/inst_data_byte_macro/inst_bit_macro_dq7/inst_rddq/inst_rddq_input_macro/inst_rddq_slv_dly_macro_ol/inst_rddq_match_delay_line/inst_dly_clkgate_latn/n_1. In line 23, C:\Users\yuyin\OneDrive - Cadence Design Systems Inc\2025\Checklist\AAI\CHECKLIST_V3\CHECKLIST\IP_project_folder\logs\9.0\CDN_104H_cdn_hs_phy_data_slice_EW_typical_85c.incompletenets: Single-pin net connected to physical wire (acceptable)
10: Info: inst_data_path_top/inst_data_byte_macro/inst_bit_macro_dq7/inst_wr_bit_slice/inst_slv_dly_macro/inst_generic_delay_line/UNCONNECTED114. In line 21, C:\Users\yuyin\OneDrive - Cadence Design Systems Inc\2025\Checklist\AAI\CHECKLIST_V3\CHECKLIST\IP_project_folder\logs\9.0\CDN_104H_cdn_hs_phy_data_slice_EW_typical_85c.incompletenets: Single-pin net connected to physical wire (acceptable)
11: Info: inst_data_path_top/inst_data_byte_macro/inst_bit_macro_dqs/inst_rddqs/inst_rddqs_input_macro/inst_rddqs_base_slv_dly_macro/inst_rddqs_base_slv_dly_update/UNCONNECTED153. In line 9, C:\Users\yuyin\OneDrive - Cadence Design Systems Inc\2025\Checklist\AAI\CHECKLIST_V3\CHECKLIST\IP_project_folder\logs\9.0\CDN_104H_cdn_hs_phy_data_slice_EW_typical_85c.incompletenets: Single-pin net connected to physical wire (acceptable)
12: Info: inst_data_path_top/inst_data_byte_macro/inst_bit_macro_dqs/inst_wr_bit_slice/inst_slv_dly_macro/inst_generic_delay_line/UNCONNECTED156. In line 7, C:\Users\yuyin\OneDrive - Cadence Design Systems Inc\2025\Checklist\AAI\CHECKLIST_V3\CHECKLIST\IP_project_folder\logs\9.0\CDN_104H_cdn_hs_phy_data_slice_EW_typical_85c.incompletenets: Single-pin net connected to physical wire (acceptable)
13: Info: inst_data_path_top/inst_data_byte_macro/inst_bit_macro_dqs/inst_wr_bit_slice/inst_slv_dly_macro/inst_slv_dly_update/UNCONNECTED159. In line 5, C:\Users\yuyin\OneDrive - Cadence Design Systems Inc\2025\Checklist\AAI\CHECKLIST_V3\CHECKLIST\IP_project_folder\logs\9.0\CDN_104H_cdn_hs_phy_data_slice_EW_typical_85c.incompletenets: Single-pin net connected to physical wire (acceptable)
14: Info: inst_data_path_top/inst_data_byte_macro/inst_bit_macro_dqs/inst_wr_bit_slice/inst_slv_dly_macro/inst_slv_dly_update/UNCONNECTED160. In line 3, C:\Users\yuyin\OneDrive - Cadence Design Systems Inc\2025\Checklist\AAI\CHECKLIST_V3\CHECKLIST\IP_project_folder\logs\9.0\CDN_104H_cdn_hs_phy_data_slice_EW_typical_85c.incompletenets: Single-pin net connected to physical wire (acceptable)
15: Info: inst_data_path_top/inst_data_byte_macro/inst_bit_macro_dqs/inst_wr_bit_slice/inst_slv_dly_macro/inst_slv_dly_update/UNCONNECTED162. In line 1, C:\Users\yuyin\OneDrive - Cadence Design Systems Inc\2025\Checklist\AAI\CHECKLIST_V3\CHECKLIST\IP_project_folder\logs\9.0\CDN_104H_cdn_hs_phy_data_slice_EW_typical_85c.incompletenets: Single-pin net connected to physical wire (acceptable)
16: Info: inst_data_path_top/inst_data_byte_macro/inst_bit_macro_dqs/inst_x4_rddqs/inst_rddqs_input_macro/inst_rddqs_base_slv_dly_macro/inst_rddqs_base_slv_dly_update/UNCONNECTED324. In line 9, C:\Users\yuyin\OneDrive - Cadence Design Systems Inc\2025\Checklist\AAI\CHECKLIST_V3\CHECKLIST\IP_project_folder\logs\9.0\CDN_104H_cdn_hs_phy_data_slice_EW_rcbest_CCbest_125c.incompletenets: Single-pin net connected to physical wire (acceptable)
17: Info: inst_data_path_top/inst_data_byte_macro/inst_bit_macro_dqs/inst_x4_rddqs/inst_rddqs_input_macro/inst_rddqs_base_slv_dly_macro/inst_rddqs_base_slv_dly_update/UNCONNECTED327. In line 7, C:\Users\yuyin\OneDrive - Cadence Design Systems Inc\2025\Checklist\AAI\CHECKLIST_V3\CHECKLIST\IP_project_folder\logs\9.0\CDN_104H_cdn_hs_phy_data_slice_EW_rcbest_CCbest_125c.incompletenets: Single-pin net connected to physical wire (acceptable)
18: Info: inst_data_path_top/inst_data_byte_macro/inst_bit_macro_dqs/inst_x4_rddqs/inst_rddqs_input_macro/inst_rddqs_base_slv_dly_macro/inst_rddqs_base_slv_dly_update/UNCONNECTED329. In line 5, C:\Users\yuyin\OneDrive - Cadence Design Systems Inc\2025\Checklist\AAI\CHECKLIST_V3\CHECKLIST\IP_project_folder\logs\9.0\CDN_104H_cdn_hs_phy_data_slice_EW_rcbest_CCbest_125c.incompletenets: Single-pin net connected to physical wire (acceptable)
19: Info: inst_data_path_top/inst_data_byte_macro/inst_bit_macro_dqs/inst_x4_rddqs/inst_rddqs_input_macro/inst_rddqs_base_slv_dly_macro/inst_rddqs_base_slv_dly_update/UNCONNECTED330. In line 3, C:\Users\yuyin\OneDrive - Cadence Design Systems Inc\2025\Checklist\AAI\CHECKLIST_V3\CHECKLIST\IP_project_folder\logs\9.0\CDN_104H_cdn_hs_phy_data_slice_EW_rcbest_CCbest_125c.incompletenets: Single-pin net connected to physical wire (acceptable)
20: Info: inst_data_path_top/inst_data_byte_macro/inst_bit_macro_dqs/inst_x4_rddqs/inst_rddqs_input_macro/inst_rddqs_base_slv_dly_macro/inst_rddqs_base_slv_dly_update/UNCONNECTED331. In line 1, C:\Users\yuyin\OneDrive - Cadence Design Systems Inc\2025\Checklist\AAI\CHECKLIST_V3\CHECKLIST\IP_project_folder\logs\9.0\CDN_104H_cdn_hs_phy_data_slice_EW_rcbest_CCbest_125c.incompletenets: Single-pin net connected to physical wire (acceptable)
