FAIL:IMP-9-0-0-07:Confirm all Warning message in QRC log files can be waived.
Fail Occurrence: 16
1: Fail: [EXTGRMP-327](Occurrence: 7): The LEF parser reported the following warning :: WARNING messages found in QRC extraction logs - require waiver
2: Fail: [EXTGRMP-330](Occurrence: 12): LEF layer "LUP_045U" is not mapped with any tech file layer. Ignoring its definition.: WARNING messages found in QRC extraction logs - require waiver
3: Fail: [EXTGRMP-574](Occurrence: 1): There are 95 unrouted nets.: WARNING messages found in QRC extraction logs - require waiver
4: Fail: [EXTGRMP-575](Occurrence: 1): There are 1142 incomplete nets.: WARNING messages found in QRC extraction logs - require waiver
5: Fail: [EXTGRMP-605](Occurrence: 13): Layer "LUP_045U" will not be extracted and will be ignored.: WARNING messages found in QRC extraction logs - require waiver
6: Fail: [EXTGRMP-635](Occurrence: 1): The option extraction_setup -density_bounding_box is ignored. For advanced nodes, the tool uses diearea as the only value, any other value if set, will be ignored. Please refer to user manual for more information.: WARNING messages found in QRC extraction logs - require waiver
7: Fail: [EXTGRMP-647](Occurrence: 1): Metal FILL from DEF file will be ignored and only GDS/OASIS Metal FILL will be used.: WARNING messages found in QRC extraction logs - require waiver
8: Fail: [EXTGRMP-670](Occurrence: 1): Command file option parasitic_reduction -enable_reduction is not supported in Quantus Cell Flow.Quantus will continue without using this command file option.: WARNING messages found in QRC extraction logs - require waiver
9: Fail: [EXTGRMP-728](Occurrence: 9): Different version number exists for tech lef "/process/tsmcN7/data/stdcell/tsmc/n7/TSMC/PRTF_Innovus_7nm_001_Cad_V1.4s1a/PRTF/PRTF_Innovus_7nm_001_Cad_V14_1a/PR_tech/Cadence/LefHeader/Standard/VHV/PRTF_Innovus_N7_15M_1X1Xa1Ya5Y2Yy2Yx2R_UTRDL_M1P64_M2P40_M3P44_M4P76_M5P76_M6P76_M7P76_M8P76_M9P76_H300.14_1a.tlef" with version 5.8 and macro lef "/projects/yunbao_N6_80bits_EW_PHY_OD_6400/libs/ndr/ndr_1w2s.lef" with version 5.6.. In line 52, C:\Users\yuyin\OneDrive - Cadence Design Systems Inc\2025\Checklist\AAI\CHECKLIST_V3\CHECKLIST\IP_project_folder\logs\9.0\do_qrccbest_CCbest_m40c.log: WARNING messages found in QRC extraction logs - require waiver
10: Fail: [EXTGRMP-766](Occurrence: 10): The macro cdns_ddr_decap_vdd has missing SITE definition. Check macro present in /projects/yunbao_N6_80bits_EW_PHY_OD_6400/libs/customcell/cdns_ddr_custom_decap_cells_t7g_1X_1Xa_1Ya_5Y_r100.20211214/lef/cdns_ddr_custom_decap_cells_t7g.nocutobs.lef file.: WARNING messages found in QRC extraction logs - require waiver
11: Fail: [EXTGRMP-768](Occurrence: 13): BUSBITCHARS missing in /process/tsmcN7/data/stdcell/tsmc/n7/TSMC/tcbn07_bwph300l8p64pd_base_svt_130b/lef/tcbn07_bwph300l8p64pd_base_svt_par.lef file, therefore taking default value [] for BUSBITCHARS.: WARNING messages found in QRC extraction logs - require waiver
12: Fail: [EXTGRMP-769](Occurrence: 13): DIVIDECHAR missing in /process/tsmcN7/data/stdcell/tsmc/n7/TSMC/tcbn07_bwph300l8p64pd_pm_svt_130b/lef/tcbn07_bwph300l8p64pd_pm_svt.lef file, therefore taking default value / for DIVIDECHAR.. In line 50, C:\Users\yuyin\OneDrive - Cadence Design Systems Inc\2025\Checklist\AAI\CHECKLIST_V3\CHECKLIST\IP_project_folder\logs\9.0\do_qrccbest_CCbest_m40c.log: WARNING messages found in QRC extraction logs - require waiver
13: Fail: [EXTGRMP-782](Occurrence: 28): SYMMETRY definition is missing for HDR14XSICWD1BWP300H8P64PDLVT macro present in /process/tsmcN7/data/stdcell/tsmc/n7/TSMC/tcbn07_bwph300l8p64pd_pm_lvt_130b/lef/tcbn07_bwph300l8p64pd_pm_lvt.lef file.: WARNING messages found in QRC extraction logs - require waiver
14: Fail: [EXTGRMP-792](Occurrence: 1): The DEF file dbs/CDN_104H_cdn_hs_phy_data_slice_EW.innovusOUTwoD0.def.gz CDN_104H_cdn_hs_phy_data_slice_EW has missing DIVIDERCHAR. Default value "/" is used.: WARNING messages found in QRC extraction logs - require waiver
15: Fail: [EXTSNZ-172](Occurrence: 17): GDS/OASIS layer m11 having layer id 41 and data type -1 is referenced and mapped in the command file but it does not have any geometries in the GDS/OASIS file.: WARNING messages found in QRC extraction logs - require waiver
16: Fail: [LEFPARS-2001](Occurrence: 2): No VERSION statement found, using the default value 5.8. See file /process/tsmcN7/data/stdcell/tsmc/n7/TSMC/tcbn07_bwph300l8p64pd_base_svt_130b/lef/tcbn07_bwph300l8p64pd_base_svt_par.lef at line 40.. In line 87, C:\Users\yuyin\OneDrive - Cadence Design Systems Inc\2025\Checklist\AAI\CHECKLIST_V3\CHECKLIST\IP_project_folder\logs\9.0\do_qrccbest_CCbest_m40c.log: WARNING messages found in QRC extraction logs - require waiver
