PASS:IMP-5-0-0-07:Confirm that there are no other violations or errors (max cap, max transition etc)?
Info Occurrence: 2
1: Info: set_false_path -hold -from [all_clocks] -to [remove_from_collection [get_pins -hier *reset_sync_synth_*/D] [get_pins -hier *reset_sync_synth_*1/D]] set_false_path -hold -from [all_clocks] -to [remove_from_collection [get_pins -hier *data_sync_synth_*/D] [get_pins -hier *data_sync_synth_*1/D]]. In line 181, /projects/ucie_t3_pd/FRONT_END/work/yyin/NU/work/phy_cmn_phase_align_digtop/yuyin_test_run_5/data/sdc/phy_cmn_phase_align_digtop.func.sdc: set_false_path: A required object parameter could not be found. (informational only)
2: Info: set_false_path -hold -from [all_clocks] -to [remove_from_collection [get_pins -hier *reset_sync_synth_*/D] [get_pins -hier *reset_sync_synth_*1/D]] set_false_path -hold -from [all_clocks] -to [remove_from_collection [get_pins -hier *data_sync_synth_*/D] [get_pins -hier *data_sync_synth_*1/D]]. In line 181, /projects/ucie_t3_pd/FRONT_END/work/yyin/NU/work/phy_cmn_phase_align_digtop/yuyin_test_run_5/data/sdc/phy_cmn_phase_align_digtop.func.sdc: set_false_path: A required object parameter could not be found. (informational only)
