PASS:IMP-12-0-0-33:Confirm all Warning message in DFM/FLT log files can be waived. (for SEC process, for others fill N/A)
Info Occurrence: 14
1: Info: Explanation: DFM/FLT warnings are informational for SEC process review: Explanation: DFM/FLT warnings are informational for SEC process review[WAIVED_INFO]
2: Info: Cell name parameter "NONE" for inside_cell [-not] operation not located. (Source: Pegasus_DFM.log:line 34): Pegasus DFM/FLT verification encountered warnings[WAIVED_AS_INFO]
3: Info: Encountered problems with Worker 1, attempting recovery... (Source: Worker 1): Pegasus DFM/FLT verification encountered warnings[WAIVED_AS_INFO]
4: Info: GDR-00003 (Source: GDR-00003): Pegasus DFM/FLT verification encountered warnings[WAIVED_AS_INFO]
5: Info: Results for rule floating.nxwell_float are lost (Source: Pegasus_DFM.log:line 574): Pegasus DFM/FLT verification encountered warnings[WAIVED_AS_INFO]
6: Info: Results for rule floating.nxwell_float are lost (Source: do_pvsFLTwD.log:line 289): Pegasus DFM/FLT verification encountered warnings[WAIVED_AS_INFO]
7: Info: Unattached port label (Source: Pegasus_DFM.log:line 582): Pegasus DFM/FLT verification encountered warnings[WAIVED_AS_INFO]
8: Info: Unattached port label (Source: do_pvsFLTwD.log:line 297): Pegasus DFM/FLT verification encountered warnings[WAIVED_AS_INFO]
9: Info: Worker 1 killed by external signal [9] (Source: Worker 1): Pegasus DFM/FLT verification encountered warnings[WAIVED_AS_INFO]
10: Info: different labels for net x , it is assigned to "X" (Source: Pegasus_DFM.log:line 581): Pegasus DFM/FLT verification encountered warnings[WAIVED_AS_INFO]
11: Info: different labels for net x , it is assigned to "X" (Source: do_pvsFLTwD.log:line 296): Pegasus DFM/FLT verification encountered warnings[WAIVED_AS_INFO]
12: Info: no LSF resource specified, host use "bsub -W 36000" to start LSF slave. (Source: Pegasus_DFM.log:line 23): Pegasus DFM/FLT verification encountered warnings[WAIVED_AS_INFO]
13: Info: same label "x" for multiple nets, it is assigned to net x (Source: Pegasus_DFM.log:line 580): Pegasus DFM/FLT verification encountered warnings[WAIVED_AS_INFO]
14: Info: same label "x" for multiple nets, it is assigned to net x (Source: do_pvsFLTwD.log:line 295): Pegasus DFM/FLT verification encountered warnings[WAIVED_AS_INFO]
