PASS:IMP-12-0-0-32:Confirm no ERROR message in DFM/FLT log files. (for SEC process, for others fill N/A)
Info Occurrence: 13
1: Info: Explanation: DFM/FLT verification errors are informational for SEC process: Explanation: DFM/FLT verification errors are informational for SEC process[WAIVED_INFO]
2: Info: Assertion exception during computation (Worker 2) (Source: Worker 2). In line 285, C:\Users\jingyu\OneDrive - Cadence Design Systems Inc\Desktop\checklist_dev\AI_2026_V1\CHECKLIST\CHECKLIST\IP_project_folder\logs\do_pvsFLTwD.log: Pegasus DFM/FLT verification encountered critical errors[WAIVED_AS_INFO]
3: Info: Cell pm26 is referenced, but does not exist. (Source: do_pvsFLTwD.log:line 279). In line 279, C:\Users\jingyu\OneDrive - Cadence Design Systems Inc\Desktop\checklist_dev\AI_2026_V1\CHECKLIST\CHECKLIST\IP_project_folder\logs\do_pvsFLTwD.log: Pegasus DFM/FLT verification encountered critical errors[WAIVED_AS_INFO]
4: Info: File system exception during memory reduction (Worker 11) (Source: Worker 11). In line 566, C:\Users\jingyu\OneDrive - Cadence Design Systems Inc\Desktop\checklist_dev\AI_2026_V1\CHECKLIST\CHECKLIST\IP_project_folder\logs\Pegasus_DFM.log: Pegasus DFM/FLT verification encountered critical errors[WAIVED_AS_INFO]
5: Info: Invalid option. (Source: Pegasus_DFM.log:line 562). In line 562, C:\Users\jingyu\OneDrive - Cadence Design Systems Inc\Desktop\checklist_dev\AI_2026_V1\CHECKLIST\CHECKLIST\IP_project_folder\logs\Pegasus_DFM.log: Pegasus DFM/FLT verification encountered critical errors[WAIVED_AS_INFO]
6: Info: Invalid option. (Source: do_pvsFLTwD.log:line 281). In line 281, C:\Users\jingyu\OneDrive - Cadence Design Systems Inc\Desktop\checklist_dev\AI_2026_V1\CHECKLIST\CHECKLIST\IP_project_folder\logs\do_pvsFLTwD.log: Pegasus DFM/FLT verification encountered critical errors[WAIVED_AS_INFO]
7: Info: Out of temporary storage disk space, please check -tmp_dirs setting (Worker 11) (Source: Worker 11). In line 567, C:\Users\jingyu\OneDrive - Cadence Design Systems Inc\Desktop\checklist_dev\AI_2026_V1\CHECKLIST\CHECKLIST\IP_project_folder\logs\Pegasus_DFM.log: Pegasus DFM/FLT verification encountered critical errors[WAIVED_AS_INFO]
8: Info: Pegasus exception during compilation (Worker 1) (Source: Worker 1). In line 564, C:\Users\jingyu\OneDrive - Cadence Design Systems Inc\Desktop\checklist_dev\AI_2026_V1\CHECKLIST\CHECKLIST\IP_project_folder\logs\Pegasus_DFM.log: Pegasus DFM/FLT verification encountered critical errors[WAIVED_AS_INFO]
9: Info: Run completed with errors due to worker failures (Source: do_pvsFLTwD.log:line 283). In line 283, C:\Users\jingyu\OneDrive - Cadence Design Systems Inc\Desktop\checklist_dev\AI_2026_V1\CHECKLIST\CHECKLIST\IP_project_folder\logs\do_pvsFLTwD.log: Pegasus DFM/FLT verification encountered critical errors[WAIVED_AS_INFO]
10: Info: Terminating run, encountered unrecoverable error on Worker 2 (Source: do_pvsFLTwD.log:line 282). In line 282, C:\Users\jingyu\OneDrive - Cadence Design Systems Inc\Desktop\checklist_dev\AI_2026_V1\CHECKLIST\CHECKLIST\IP_project_folder\logs\do_pvsFLTwD.log: Pegasus DFM/FLT verification encountered critical errors[WAIVED_AS_INFO]
11: Info: Terminating run, encountered unrecoverable layer loss (Source: do_pvsFLTwD.log:line 284). In line 284, C:\Users\jingyu\OneDrive - Cadence Design Systems Inc\Desktop\checklist_dev\AI_2026_V1\CHECKLIST\CHECKLIST\IP_project_folder\logs\do_pvsFLTwD.log: Pegasus DFM/FLT verification encountered critical errors[WAIVED_AS_INFO]
12: Info: The difference between the numbers of schematic and layout instances (Source: NVN-7090). In line 568, C:\Users\jingyu\OneDrive - Cadence Design Systems Inc\Desktop\checklist_dev\AI_2026_V1\CHECKLIST\CHECKLIST\IP_project_folder\logs\Pegasus_DFM.log: Pegasus DFM/FLT verification encountered critical errors[WAIVED_AS_INFO]
13: Info: missing_reference exception for cell "pm26" in parent cell "pm100" (Worker 1) (Source: Worker 1). In line 565, C:\Users\jingyu\OneDrive - Cadence Design Systems Inc\Desktop\checklist_dev\AI_2026_V1\CHECKLIST\CHECKLIST\IP_project_folder\logs\Pegasus_DFM.log: Pegasus DFM/FLT verification encountered critical errors[WAIVED_AS_INFO]
