Test Report: IMP-12-0-0-33
================================================================================

[Test 1/6] Type 1 (requirements.value=N/A, waivers.value=N/A)
--------------------------------------------------------------------------------
Test ID: type1_na
Status: ERROR

Checker Report Output:
FAIL:IMP-12-0-0-33:Confirm all Warning message in DFM/FLT log files can be waived. (for SEC process, for others fill N/A)
Fail Occurrence: 13
1: Fail: Cell name parameter "NONE" for inside_cell [-not] operation not located. (Source: Pegasus_DFM.log:line 34): Pegasus DFM/FLT verification encountered warnings
2: Fail: Encountered problems with Worker 1, attempting recovery... (Source: Worker 1): Pegasus DFM/FLT verification encountered warnings
3: Fail: GDR-00003 (Source: GDR-00003): Pegasus DFM/FLT verification encountered warnings
4: Fail: Results for rule floating.nxwell_float are lost (Source: Pegasus_DFM.log:line 574): Pegasus DFM/FLT verification encountered warnings
5: Fail: Results for rule floating.nxwell_float are lost (Source: do_pvsFLTwD.log:line 289): Pegasus DFM/FLT verification encountered warnings
6: Fail: Unattached port label (Source: Pegasus_DFM.log:line 582): Pegasus DFM/FLT verification encountered warnings
7: Fail: Unattached port label (Source: do_pvsFLTwD.log:line 297): Pegasus DFM/FLT verification encountered warnings
8: Fail: Worker 1 killed by external signal [9] (Source: Worker 1): Pegasus DFM/FLT verification encountered warnings
9: Fail: different labels for net x , it is assigned to "X" (Source: Pegasus_DFM.log:line 581): Pegasus DFM/FLT verification encountered warnings
10: Fail: different labels for net x , it is assigned to "X" (Source: do_pvsFLTwD.log:line 296): Pegasus DFM/FLT verification encountered warnings
11: Fail: no LSF resource specified, host use "bsub -W 36000" to start LSF slave. (Source: Pegasus_DFM.log:line 23): Pegasus DFM/FLT verification encountered warnings
12: Fail: same label "x" for multiple nets, it is assigned to net x (Source: Pegasus_DFM.log:line 580): Pegasus DFM/FLT verification encountered warnings
13: Fail: same label "x" for multiple nets, it is assigned to net x (Source: do_pvsFLTwD.log:line 295): Pegasus DFM/FLT verification encountered warnings

================================================================================

[Test 2/6] Type 1 (requirements.value=N/A, waivers.value=0)
--------------------------------------------------------------------------------
Test ID: type1_0
Status: PASS

Checker Report Output:
PASS:IMP-12-0-0-33:Confirm all Warning message in DFM/FLT log files can be waived. (for SEC process, for others fill N/A)
Info Occurrence: 14
1: Info: Explanation: DFM/FLT warnings are informational for SEC process review: Explanation: DFM/FLT warnings are informational for SEC process review[WAIVED_INFO]
2: Info: Cell name parameter "NONE" for inside_cell [-not] operation not located. (Source: Pegasus_DFM.log:line 34): Pegasus DFM/FLT verification encountered warnings[WAIVED_AS_INFO]
3: Info: Encountered problems with Worker 1, attempting recovery... (Source: Worker 1): Pegasus DFM/FLT verification encountered warnings[WAIVED_AS_INFO]
4: Info: GDR-00003 (Source: GDR-00003): Pegasus DFM/FLT verification encountered warnings[WAIVED_AS_INFO]
5: Info: Results for rule floating.nxwell_float are lost (Source: Pegasus_DFM.log:line 574): Pegasus DFM/FLT verification encountered warnings[WAIVED_AS_INFO]
6: Info: Results for rule floating.nxwell_float are lost (Source: do_pvsFLTwD.log:line 289): Pegasus DFM/FLT verification encountered warnings[WAIVED_AS_INFO]
7: Info: Unattached port label (Source: Pegasus_DFM.log:line 582): Pegasus DFM/FLT verification encountered warnings[WAIVED_AS_INFO]
8: Info: Unattached port label (Source: do_pvsFLTwD.log:line 297): Pegasus DFM/FLT verification encountered warnings[WAIVED_AS_INFO]
9: Info: Worker 1 killed by external signal [9] (Source: Worker 1): Pegasus DFM/FLT verification encountered warnings[WAIVED_AS_INFO]
10: Info: different labels for net x , it is assigned to "X" (Source: Pegasus_DFM.log:line 581): Pegasus DFM/FLT verification encountered warnings[WAIVED_AS_INFO]
11: Info: different labels for net x , it is assigned to "X" (Source: do_pvsFLTwD.log:line 296): Pegasus DFM/FLT verification encountered warnings[WAIVED_AS_INFO]
12: Info: no LSF resource specified, host use "bsub -W 36000" to start LSF slave. (Source: Pegasus_DFM.log:line 23): Pegasus DFM/FLT verification encountered warnings[WAIVED_AS_INFO]
13: Info: same label "x" for multiple nets, it is assigned to net x (Source: Pegasus_DFM.log:line 580): Pegasus DFM/FLT verification encountered warnings[WAIVED_AS_INFO]
14: Info: same label "x" for multiple nets, it is assigned to net x (Source: do_pvsFLTwD.log:line 295): Pegasus DFM/FLT verification encountered warnings[WAIVED_AS_INFO]

================================================================================

[Test 3/6] Type 2 (requirements.value>0, waivers.value=N/A)
--------------------------------------------------------------------------------
Test ID: type2_na
Status: ERROR

Checker Report Output:
FAIL:IMP-12-0-0-33:Confirm all Warning message in DFM/FLT log files can be waived. (for SEC process, for others fill N/A)
Fail Occurrence: 2
1: Fail: Worker 1 killed by external signal [9] (matches: Worker.*killed): Monitored WARNING patterns found in verification logs
2: Fail: same label "x" for multiple nets, it is assigned to net x (matches: same label.*multiple nets): Monitored WARNING patterns found in verification logs
Info Occurrence: 1
1: Info: Out of.*disk space: Monitored WARNING patterns not detected in verification logs

================================================================================

[Test 4/6] Type 2 (requirements.value>0, waivers.value=0)
--------------------------------------------------------------------------------
Test ID: type2_0
Status: PASS

Checker Report Output:
PASS:IMP-12-0-0-33:Confirm all Warning message in DFM/FLT log files can be waived. (for SEC process, for others fill N/A)
Info Occurrence: 4
1: Info: Explanation: DFM/FLT warning pattern check is informational only: Explanation: DFM/FLT warning pattern check is informational only[WAIVED_INFO]
2: Info: Out of.*disk space: Monitored WARNING patterns not detected in verification logs
3: Info: Worker 1 killed by external signal [9] (matches: Worker.*killed): Monitored WARNING patterns found in verification logs[WAIVED_AS_INFO]
4: Info: same label "x" for multiple nets, it is assigned to net x (matches: same label.*multiple nets): Monitored WARNING patterns found in verification logs[WAIVED_AS_INFO]

================================================================================

[Test 5/6] Type 3 (requirements.value>0, waivers.value>0)
--------------------------------------------------------------------------------
Test ID: type3
Status: ERROR

Checker Report Output:
FAIL:IMP-12-0-0-33:Confirm all Warning message in DFM/FLT log files can be waived. (for SEC process, for others fill N/A)
Fail Occurrence: 2
1: Fail: Worker 1 killed by external signal [9] (matches: Worker.*killed). In line 573, C:\Users\jingyu\OneDrive - Cadence Design Systems Inc\Desktop\checklist_dev\AI_2026_V1\CHECKLIST\CHECKLIST\IP_project_folder\logs\Pegasus_DFM.log: Monitored WARNING patterns found in verification logs
2: Fail: same label "x" for multiple nets, it is assigned to net x (matches: same label.*multiple nets). In line 580, C:\Users\jingyu\OneDrive - Cadence Design Systems Inc\Desktop\checklist_dev\AI_2026_V1\CHECKLIST\CHECKLIST\IP_project_folder\logs\Pegasus_DFM.log: Monitored WARNING patterns found in verification logs
Warn Occurrence: 3
1: Warn: GDR-00003: Waiver not matched - no corresponding WARNING found in logs[WAIVER]
2: Warn: Worker 1$: Waiver not matched - no corresponding WARNING found in logs[WAIVER]
3: Warn: Worker 11$: Waiver not matched - no corresponding WARNING found in logs[WAIVER]
Info Occurrence: 1
1: Info: Out of.*disk space: Monitored WARNING patterns not detected in verification logs

================================================================================

[Test 6/6] Type 4 (requirements.value=N/A, waivers.value>0)
--------------------------------------------------------------------------------
Test ID: type4
Status: ERROR

Checker Report Output:
FAIL:IMP-12-0-0-33:Confirm all Warning message in DFM/FLT log files can be waived. (for SEC process, for others fill N/A)
Fail Occurrence: 10
1: Fail: Cell name parameter "NONE" for inside_cell [-not] operation not located. (Source: Pegasus_DFM.log:line 34). In line 34, C:\Users\jingyu\OneDrive - Cadence Design Systems Inc\Desktop\checklist_dev\AI_2026_V1\CHECKLIST\CHECKLIST\IP_project_folder\logs\Pegasus_DFM.log: Pegasus DFM/FLT verification encountered warnings
2: Fail: Results for rule floating.nxwell_float are lost (Source: Pegasus_DFM.log:line 574). In line 574, C:\Users\jingyu\OneDrive - Cadence Design Systems Inc\Desktop\checklist_dev\AI_2026_V1\CHECKLIST\CHECKLIST\IP_project_folder\logs\Pegasus_DFM.log: Pegasus DFM/FLT verification encountered warnings
3: Fail: Results for rule floating.nxwell_float are lost (Source: do_pvsFLTwD.log:line 289). In line 289, C:\Users\jingyu\OneDrive - Cadence Design Systems Inc\Desktop\checklist_dev\AI_2026_V1\CHECKLIST\CHECKLIST\IP_project_folder\logs\do_pvsFLTwD.log: Pegasus DFM/FLT verification encountered warnings
4: Fail: Unattached port label (Source: Pegasus_DFM.log:line 582). In line 582, C:\Users\jingyu\OneDrive - Cadence Design Systems Inc\Desktop\checklist_dev\AI_2026_V1\CHECKLIST\CHECKLIST\IP_project_folder\logs\Pegasus_DFM.log: Pegasus DFM/FLT verification encountered warnings
5: Fail: Unattached port label (Source: do_pvsFLTwD.log:line 297). In line 297, C:\Users\jingyu\OneDrive - Cadence Design Systems Inc\Desktop\checklist_dev\AI_2026_V1\CHECKLIST\CHECKLIST\IP_project_folder\logs\do_pvsFLTwD.log: Pegasus DFM/FLT verification encountered warnings
6: Fail: different labels for net x , it is assigned to "X" (Source: Pegasus_DFM.log:line 581). In line 581, C:\Users\jingyu\OneDrive - Cadence Design Systems Inc\Desktop\checklist_dev\AI_2026_V1\CHECKLIST\CHECKLIST\IP_project_folder\logs\Pegasus_DFM.log: Pegasus DFM/FLT verification encountered warnings
7: Fail: different labels for net x , it is assigned to "X" (Source: do_pvsFLTwD.log:line 296). In line 296, C:\Users\jingyu\OneDrive - Cadence Design Systems Inc\Desktop\checklist_dev\AI_2026_V1\CHECKLIST\CHECKLIST\IP_project_folder\logs\do_pvsFLTwD.log: Pegasus DFM/FLT verification encountered warnings
8: Fail: no LSF resource specified, host use "bsub -W 36000" to start LSF slave. (Source: Pegasus_DFM.log:line 23). In line 23, C:\Users\jingyu\OneDrive - Cadence Design Systems Inc\Desktop\checklist_dev\AI_2026_V1\CHECKLIST\CHECKLIST\IP_project_folder\logs\Pegasus_DFM.log: Pegasus DFM/FLT verification encountered warnings
9: Fail: same label "x" for multiple nets, it is assigned to net x (Source: Pegasus_DFM.log:line 580). In line 580, C:\Users\jingyu\OneDrive - Cadence Design Systems Inc\Desktop\checklist_dev\AI_2026_V1\CHECKLIST\CHECKLIST\IP_project_folder\logs\Pegasus_DFM.log: Pegasus DFM/FLT verification encountered warnings
10: Fail: same label "x" for multiple nets, it is assigned to net x (Source: do_pvsFLTwD.log:line 295). In line 295, C:\Users\jingyu\OneDrive - Cadence Design Systems Inc\Desktop\checklist_dev\AI_2026_V1\CHECKLIST\CHECKLIST\IP_project_folder\logs\do_pvsFLTwD.log: Pegasus DFM/FLT verification encountered warnings
Warn Occurrence: 1
1: Warn: Worker 11$: Waiver not matched - no corresponding WARNING found in logs[WAIVER]
Info Occurrence: 3
1: Info: Encountered problems with Worker 1, attempting recovery... (Source: Worker 1). In line 575, C:\Users\jingyu\OneDrive - Cadence Design Systems Inc\Desktop\checklist_dev\AI_2026_V1\CHECKLIST\CHECKLIST\IP_project_folder\logs\Pegasus_DFM.log: Pegasus verification warnings waived as known issues: Waived - Known LSF resource issue on compute node[WAIVER]
2: Info: GDR-00003 (Source: GDR-00003). In line 577, C:\Users\jingyu\OneDrive - Cadence Design Systems Inc\Desktop\checklist_dev\AI_2026_V1\CHECKLIST\CHECKLIST\IP_project_folder\logs\Pegasus_DFM.log: Pegasus verification warnings waived as known issues: Waived - Known label conflict in legacy design[WAIVER]
3: Info: Worker 1 killed by external signal [9] (Source: Worker 1). In line 573, C:\Users\jingyu\OneDrive - Cadence Design Systems Inc\Desktop\checklist_dev\AI_2026_V1\CHECKLIST\CHECKLIST\IP_project_folder\logs\Pegasus_DFM.log: Pegasus verification warnings waived as known issues: Waived - Known LSF resource issue on compute node[WAIVER]

================================================================================

