PASS:IMP-12-0-0-27:Confirm Package to Chip comparison passes (bump excel vs bump location in gds/oas)?
Info Occurrence: 91
1: Info: Explanation: Bump location check is informational during early design phase: Explanation: Bump location check is informational during early design phase[WAIVED_INFO]
2: Info: DUMMY_S49. In line 407, C:\Users\jingyu\OneDrive - Cadence Design Systems Inc\Desktop\checklist_dev\AI_2026_V1\CHECKLIST\CHECKLIST\IP_project_folder\reports\tv_chip_gds_bump.csv: Bump location data extracted from GDS/OAS matches package requirements
3: Info: DUMMY_S51. In line 422, C:\Users\jingyu\OneDrive - Cadence Design Systems Inc\Desktop\checklist_dev\AI_2026_V1\CHECKLIST\CHECKLIST\IP_project_folder\reports\tv_chip_gds_bump.csv: Bump location data extracted from GDS/OAS matches package requirements
4: Info: DUMMY_S53. In line 415, C:\Users\jingyu\OneDrive - Cadence Design Systems Inc\Desktop\checklist_dev\AI_2026_V1\CHECKLIST\CHECKLIST\IP_project_folder\reports\tv_chip_gds_bump.csv: Bump location data extracted from GDS/OAS matches package requirements
5: Info: DUMMY_S55. In line 417, C:\Users\jingyu\OneDrive - Cadence Design Systems Inc\Desktop\checklist_dev\AI_2026_V1\CHECKLIST\CHECKLIST\IP_project_folder\reports\tv_chip_gds_bump.csv: Bump location data extracted from GDS/OAS matches package requirements
6: Info: DUMMY_S57. In line 416, C:\Users\jingyu\OneDrive - Cadence Design Systems Inc\Desktop\checklist_dev\AI_2026_V1\CHECKLIST\CHECKLIST\IP_project_folder\reports\tv_chip_gds_bump.csv: Bump location data extracted from GDS/OAS matches package requirements
7: Info: DUMMY_T48. In line 410, C:\Users\jingyu\OneDrive - Cadence Design Systems Inc\Desktop\checklist_dev\AI_2026_V1\CHECKLIST\CHECKLIST\IP_project_folder\reports\tv_chip_gds_bump.csv: Bump location data extracted from GDS/OAS matches package requirements
8: Info: DUMMY_T50. In line 411, C:\Users\jingyu\OneDrive - Cadence Design Systems Inc\Desktop\checklist_dev\AI_2026_V1\CHECKLIST\CHECKLIST\IP_project_folder\reports\tv_chip_gds_bump.csv: Bump location data extracted from GDS/OAS matches package requirements
9: Info: DUMMY_T52. In line 418, C:\Users\jingyu\OneDrive - Cadence Design Systems Inc\Desktop\checklist_dev\AI_2026_V1\CHECKLIST\CHECKLIST\IP_project_folder\reports\tv_chip_gds_bump.csv: Bump location data extracted from GDS/OAS matches package requirements
10: Info: DUMMY_T54. In line 419, C:\Users\jingyu\OneDrive - Cadence Design Systems Inc\Desktop\checklist_dev\AI_2026_V1\CHECKLIST\CHECKLIST\IP_project_folder\reports\tv_chip_gds_bump.csv: Bump location data extracted from GDS/OAS matches package requirements
11: Info: DUMMY_T56. In line 420, C:\Users\jingyu\OneDrive - Cadence Design Systems Inc\Desktop\checklist_dev\AI_2026_V1\CHECKLIST\CHECKLIST\IP_project_folder\reports\tv_chip_gds_bump.csv: Bump location data extracted from GDS/OAS matches package requirements
12: Info: DUMMY_U49. In line 405, C:\Users\jingyu\OneDrive - Cadence Design Systems Inc\Desktop\checklist_dev\AI_2026_V1\CHECKLIST\CHECKLIST\IP_project_folder\reports\tv_chip_gds_bump.csv: Bump location data extracted from GDS/OAS matches package requirements
13: Info: DUMMY_U51. In line 423, C:\Users\jingyu\OneDrive - Cadence Design Systems Inc\Desktop\checklist_dev\AI_2026_V1\CHECKLIST\CHECKLIST\IP_project_folder\reports\tv_chip_gds_bump.csv: Bump location data extracted from GDS/OAS matches package requirements
14: Info: DUMMY_U53. In line 413, C:\Users\jingyu\OneDrive - Cadence Design Systems Inc\Desktop\checklist_dev\AI_2026_V1\CHECKLIST\CHECKLIST\IP_project_folder\reports\tv_chip_gds_bump.csv: Bump location data extracted from GDS/OAS matches package requirements
15: Info: DUMMY_U55. In line 421, C:\Users\jingyu\OneDrive - Cadence Design Systems Inc\Desktop\checklist_dev\AI_2026_V1\CHECKLIST\CHECKLIST\IP_project_folder\reports\tv_chip_gds_bump.csv: Bump location data extracted from GDS/OAS matches package requirements
16: Info: DUMMY_U57. In line 414, C:\Users\jingyu\OneDrive - Cadence Design Systems Inc\Desktop\checklist_dev\AI_2026_V1\CHECKLIST\CHECKLIST\IP_project_folder\reports\tv_chip_gds_bump.csv: Bump location data extracted from GDS/OAS matches package requirements
17: Info: DUMMY_V48. In line 392, C:\Users\jingyu\OneDrive - Cadence Design Systems Inc\Desktop\checklist_dev\AI_2026_V1\CHECKLIST\CHECKLIST\IP_project_folder\reports\tv_chip_gds_bump.csv: Bump location data extracted from GDS/OAS matches package requirements
18: Info: DUMMY_V50. In line 393, C:\Users\jingyu\OneDrive - Cadence Design Systems Inc\Desktop\checklist_dev\AI_2026_V1\CHECKLIST\CHECKLIST\IP_project_folder\reports\tv_chip_gds_bump.csv: Bump location data extracted from GDS/OAS matches package requirements
19: Info: DUMMY_V52. In line 399, C:\Users\jingyu\OneDrive - Cadence Design Systems Inc\Desktop\checklist_dev\AI_2026_V1\CHECKLIST\CHECKLIST\IP_project_folder\reports\tv_chip_gds_bump.csv: Bump location data extracted from GDS/OAS matches package requirements
20: Info: DUMMY_V54. In line 400, C:\Users\jingyu\OneDrive - Cadence Design Systems Inc\Desktop\checklist_dev\AI_2026_V1\CHECKLIST\CHECKLIST\IP_project_folder\reports\tv_chip_gds_bump.csv: Bump location data extracted from GDS/OAS matches package requirements
21: Info: DUMMY_V56. In line 401, C:\Users\jingyu\OneDrive - Cadence Design Systems Inc\Desktop\checklist_dev\AI_2026_V1\CHECKLIST\CHECKLIST\IP_project_folder\reports\tv_chip_gds_bump.csv: Bump location data extracted from GDS/OAS matches package requirements
22: Info: DUMMY_W49. In line 396, C:\Users\jingyu\OneDrive - Cadence Design Systems Inc\Desktop\checklist_dev\AI_2026_V1\CHECKLIST\CHECKLIST\IP_project_folder\reports\tv_chip_gds_bump.csv: Bump location data extracted from GDS/OAS matches package requirements
23: Info: DUMMY_W51. In line 424, C:\Users\jingyu\OneDrive - Cadence Design Systems Inc\Desktop\checklist_dev\AI_2026_V1\CHECKLIST\CHECKLIST\IP_project_folder\reports\tv_chip_gds_bump.csv: Bump location data extracted from GDS/OAS matches package requirements
24: Info: DUMMY_W53. In line 402, C:\Users\jingyu\OneDrive - Cadence Design Systems Inc\Desktop\checklist_dev\AI_2026_V1\CHECKLIST\CHECKLIST\IP_project_folder\reports\tv_chip_gds_bump.csv: Bump location data extracted from GDS/OAS matches package requirements
25: Info: DUMMY_W55. In line 403, C:\Users\jingyu\OneDrive - Cadence Design Systems Inc\Desktop\checklist_dev\AI_2026_V1\CHECKLIST\CHECKLIST\IP_project_folder\reports\tv_chip_gds_bump.csv: Bump location data extracted from GDS/OAS matches package requirements
26: Info: DUMMY_X48. In line 389, C:\Users\jingyu\OneDrive - Cadence Design Systems Inc\Desktop\checklist_dev\AI_2026_V1\CHECKLIST\CHECKLIST\IP_project_folder\reports\tv_chip_gds_bump.csv: Bump location data extracted from GDS/OAS matches package requirements
27: Info: DUMMY_X50. In line 390, C:\Users\jingyu\OneDrive - Cadence Design Systems Inc\Desktop\checklist_dev\AI_2026_V1\CHECKLIST\CHECKLIST\IP_project_folder\reports\tv_chip_gds_bump.csv: Bump location data extracted from GDS/OAS matches package requirements
28: Info: DUMMY_X52. In line 397, C:\Users\jingyu\OneDrive - Cadence Design Systems Inc\Desktop\checklist_dev\AI_2026_V1\CHECKLIST\CHECKLIST\IP_project_folder\reports\tv_chip_gds_bump.csv: Bump location data extracted from GDS/OAS matches package requirements
29: Info: DUMMY_X54. In line 398, C:\Users\jingyu\OneDrive - Cadence Design Systems Inc\Desktop\checklist_dev\AI_2026_V1\CHECKLIST\CHECKLIST\IP_project_folder\reports\tv_chip_gds_bump.csv: Bump location data extracted from GDS/OAS matches package requirements
30: Info: PADN_CK. In line 4667, C:\Users\jingyu\OneDrive - Cadence Design Systems Inc\Desktop\checklist_dev\AI_2026_V1\CHECKLIST\CHECKLIST\IP_project_folder\reports\tv_chip_gds_bump.csv: Bump location data extracted from GDS/OAS matches package requirements
31: Info: PADN_DQS. In line 4453, C:\Users\jingyu\OneDrive - Cadence Design Systems Inc\Desktop\checklist_dev\AI_2026_V1\CHECKLIST\CHECKLIST\IP_project_folder\reports\tv_chip_gds_bump.csv: Bump location data extracted from GDS/OAS matches package requirements
32: Info: PADN_x4_DQS. In line 4450, C:\Users\jingyu\OneDrive - Cadence Design Systems Inc\Desktop\checklist_dev\AI_2026_V1\CHECKLIST\CHECKLIST\IP_project_folder\reports\tv_chip_gds_bump.csv: Bump location data extracted from GDS/OAS matches package requirements
33: Info: PADP_CK. In line 4670, C:\Users\jingyu\OneDrive - Cadence Design Systems Inc\Desktop\checklist_dev\AI_2026_V1\CHECKLIST\CHECKLIST\IP_project_folder\reports\tv_chip_gds_bump.csv: Bump location data extracted from GDS/OAS matches package requirements
34: Info: PADP_DQS. In line 4456, C:\Users\jingyu\OneDrive - Cadence Design Systems Inc\Desktop\checklist_dev\AI_2026_V1\CHECKLIST\CHECKLIST\IP_project_folder\reports\tv_chip_gds_bump.csv: Bump location data extracted from GDS/OAS matches package requirements
35: Info: PADP_x4_DQS. In line 4447, C:\Users\jingyu\OneDrive - Cadence Design Systems Inc\Desktop\checklist_dev\AI_2026_V1\CHECKLIST\CHECKLIST\IP_project_folder\reports\tv_chip_gds_bump.csv: Bump location data extracted from GDS/OAS matches package requirements
36: Info: PAD_ATB0. In line 2314, C:\Users\jingyu\OneDrive - Cadence Design Systems Inc\Desktop\checklist_dev\AI_2026_V1\CHECKLIST\CHECKLIST\IP_project_folder\reports\tv_chip_gds_bump.csv: Bump location data extracted from GDS/OAS matches package requirements
37: Info: PAD_ATB1. In line 2312, C:\Users\jingyu\OneDrive - Cadence Design Systems Inc\Desktop\checklist_dev\AI_2026_V1\CHECKLIST\CHECKLIST\IP_project_folder\reports\tv_chip_gds_bump.csv: Bump location data extracted from GDS/OAS matches package requirements
38: Info: PAD_CA0. In line 4663, C:\Users\jingyu\OneDrive - Cadence Design Systems Inc\Desktop\checklist_dev\AI_2026_V1\CHECKLIST\CHECKLIST\IP_project_folder\reports\tv_chip_gds_bump.csv: Bump location data extracted from GDS/OAS matches package requirements
39: Info: PAD_CA1. In line 4664, C:\Users\jingyu\OneDrive - Cadence Design Systems Inc\Desktop\checklist_dev\AI_2026_V1\CHECKLIST\CHECKLIST\IP_project_folder\reports\tv_chip_gds_bump.csv: Bump location data extracted from GDS/OAS matches package requirements
40: Info: PAD_CA2. In line 4666, C:\Users\jingyu\OneDrive - Cadence Design Systems Inc\Desktop\checklist_dev\AI_2026_V1\CHECKLIST\CHECKLIST\IP_project_folder\reports\tv_chip_gds_bump.csv: Bump location data extracted from GDS/OAS matches package requirements
41: Info: PAD_CA3. In line 4669, C:\Users\jingyu\OneDrive - Cadence Design Systems Inc\Desktop\checklist_dev\AI_2026_V1\CHECKLIST\CHECKLIST\IP_project_folder\reports\tv_chip_gds_bump.csv: Bump location data extracted from GDS/OAS matches package requirements
42: Info: PAD_CA4. In line 4665, C:\Users\jingyu\OneDrive - Cadence Design Systems Inc\Desktop\checklist_dev\AI_2026_V1\CHECKLIST\CHECKLIST\IP_project_folder\reports\tv_chip_gds_bump.csv: Bump location data extracted from GDS/OAS matches package requirements
43: Info: PAD_CA5. In line 4662, C:\Users\jingyu\OneDrive - Cadence Design Systems Inc\Desktop\checklist_dev\AI_2026_V1\CHECKLIST\CHECKLIST\IP_project_folder\reports\tv_chip_gds_bump.csv: Bump location data extracted from GDS/OAS matches package requirements
44: Info: PAD_CA7. In line 4692, C:\Users\jingyu\OneDrive - Cadence Design Systems Inc\Desktop\checklist_dev\AI_2026_V1\CHECKLIST\CHECKLIST\IP_project_folder\reports\tv_chip_gds_bump.csv: Bump location data extracted from GDS/OAS matches package requirements
45: Info: PAD_CAL. In line 4661, C:\Users\jingyu\OneDrive - Cadence Design Systems Inc\Desktop\checklist_dev\AI_2026_V1\CHECKLIST\CHECKLIST\IP_project_folder\reports\tv_chip_gds_bump.csv: Bump location data extracted from GDS/OAS matches package requirements
46: Info: PAD_CHIP_RESET_N. In line 857, C:\Users\jingyu\OneDrive - Cadence Design Systems Inc\Desktop\checklist_dev\AI_2026_V1\CHECKLIST\CHECKLIST\IP_project_folder\reports\tv_chip_gds_bump.csv: Bump location data extracted from GDS/OAS matches package requirements
47: Info: PAD_CS0_n. In line 4690, C:\Users\jingyu\OneDrive - Cadence Design Systems Inc\Desktop\checklist_dev\AI_2026_V1\CHECKLIST\CHECKLIST\IP_project_folder\reports\tv_chip_gds_bump.csv: Bump location data extracted from GDS/OAS matches package requirements
48: Info: PAD_CS1_n. In line 4660, C:\Users\jingyu\OneDrive - Cadence Design Systems Inc\Desktop\checklist_dev\AI_2026_V1\CHECKLIST\CHECKLIST\IP_project_folder\reports\tv_chip_gds_bump.csv: Bump location data extracted from GDS/OAS matches package requirements
49: Info: PAD_CS2_n. In line 4671, C:\Users\jingyu\OneDrive - Cadence Design Systems Inc\Desktop\checklist_dev\AI_2026_V1\CHECKLIST\CHECKLIST\IP_project_folder\reports\tv_chip_gds_bump.csv: Bump location data extracted from GDS/OAS matches package requirements
50: Info: PAD_CS3_n. In line 4668, C:\Users\jingyu\OneDrive - Cadence Design Systems Inc\Desktop\checklist_dev\AI_2026_V1\CHECKLIST\CHECKLIST\IP_project_folder\reports\tv_chip_gds_bump.csv: Bump location data extracted from GDS/OAS matches package requirements
51: Info: PAD_DPG_ERR. In line 51, C:\Users\jingyu\OneDrive - Cadence Design Systems Inc\Desktop\checklist_dev\AI_2026_V1\CHECKLIST\CHECKLIST\IP_project_folder\reports\tv_chip_gds_bump.csv: Bump location data extracted from GDS/OAS matches package requirements
52: Info: PAD_DQ0. In line 4457, C:\Users\jingyu\OneDrive - Cadence Design Systems Inc\Desktop\checklist_dev\AI_2026_V1\CHECKLIST\CHECKLIST\IP_project_folder\reports\tv_chip_gds_bump.csv: Bump location data extracted from GDS/OAS matches package requirements
53: Info: PAD_DQ1. In line 4454, C:\Users\jingyu\OneDrive - Cadence Design Systems Inc\Desktop\checklist_dev\AI_2026_V1\CHECKLIST\CHECKLIST\IP_project_folder\reports\tv_chip_gds_bump.csv: Bump location data extracted from GDS/OAS matches package requirements
54: Info: PAD_DQ2. In line 4452, C:\Users\jingyu\OneDrive - Cadence Design Systems Inc\Desktop\checklist_dev\AI_2026_V1\CHECKLIST\CHECKLIST\IP_project_folder\reports\tv_chip_gds_bump.csv: Bump location data extracted from GDS/OAS matches package requirements
55: Info: PAD_DQ3. In line 4455, C:\Users\jingyu\OneDrive - Cadence Design Systems Inc\Desktop\checklist_dev\AI_2026_V1\CHECKLIST\CHECKLIST\IP_project_folder\reports\tv_chip_gds_bump.csv: Bump location data extracted from GDS/OAS matches package requirements
56: Info: PAD_DQ4. In line 4446, C:\Users\jingyu\OneDrive - Cadence Design Systems Inc\Desktop\checklist_dev\AI_2026_V1\CHECKLIST\CHECKLIST\IP_project_folder\reports\tv_chip_gds_bump.csv: Bump location data extracted from GDS/OAS matches package requirements
57: Info: PAD_DQ5. In line 4449, C:\Users\jingyu\OneDrive - Cadence Design Systems Inc\Desktop\checklist_dev\AI_2026_V1\CHECKLIST\CHECKLIST\IP_project_folder\reports\tv_chip_gds_bump.csv: Bump location data extracted from GDS/OAS matches package requirements
58: Info: PAD_DQ6. In line 4451, C:\Users\jingyu\OneDrive - Cadence Design Systems Inc\Desktop\checklist_dev\AI_2026_V1\CHECKLIST\CHECKLIST\IP_project_folder\reports\tv_chip_gds_bump.csv: Bump location data extracted from GDS/OAS matches package requirements
59: Info: PAD_DQ7. In line 4448, C:\Users\jingyu\OneDrive - Cadence Design Systems Inc\Desktop\checklist_dev\AI_2026_V1\CHECKLIST\CHECKLIST\IP_project_folder\reports\tv_chip_gds_bump.csv: Bump location data extracted from GDS/OAS matches package requirements
60: Info: PAD_ERR_n. In line 2313, C:\Users\jingyu\OneDrive - Cadence Design Systems Inc\Desktop\checklist_dev\AI_2026_V1\CHECKLIST\CHECKLIST\IP_project_folder\reports\tv_chip_gds_bump.csv: Bump location data extracted from GDS/OAS matches package requirements
61: Info: PAD_I2C_SCL. In line 348, C:\Users\jingyu\OneDrive - Cadence Design Systems Inc\Desktop\checklist_dev\AI_2026_V1\CHECKLIST\CHECKLIST\IP_project_folder\reports\tv_chip_gds_bump.csv: Bump location data extracted from GDS/OAS matches package requirements
62: Info: PAD_I2C_SDA. In line 353, C:\Users\jingyu\OneDrive - Cadence Design Systems Inc\Desktop\checklist_dev\AI_2026_V1\CHECKLIST\CHECKLIST\IP_project_folder\reports\tv_chip_gds_bump.csv: Bump location data extracted from GDS/OAS matches package requirements
63: Info: PAD_JTAG_TCK. In line 44, C:\Users\jingyu\OneDrive - Cadence Design Systems Inc\Desktop\checklist_dev\AI_2026_V1\CHECKLIST\CHECKLIST\IP_project_folder\reports\tv_chip_gds_bump.csv: Bump location data extracted from GDS/OAS matches package requirements
64: Info: PAD_JTAG_TDI. In line 75, C:\Users\jingyu\OneDrive - Cadence Design Systems Inc\Desktop\checklist_dev\AI_2026_V1\CHECKLIST\CHECKLIST\IP_project_folder\reports\tv_chip_gds_bump.csv: Bump location data extracted from GDS/OAS matches package requirements
65: Info: PAD_JTAG_TDO. In line 354, C:\Users\jingyu\OneDrive - Cadence Design Systems Inc\Desktop\checklist_dev\AI_2026_V1\CHECKLIST\CHECKLIST\IP_project_folder\reports\tv_chip_gds_bump.csv: Bump location data extracted from GDS/OAS matches package requirements
66: Info: PAD_JTAG_TMS. In line 46, C:\Users\jingyu\OneDrive - Cadence Design Systems Inc\Desktop\checklist_dev\AI_2026_V1\CHECKLIST\CHECKLIST\IP_project_folder\reports\tv_chip_gds_bump.csv: Bump location data extracted from GDS/OAS matches package requirements
67: Info: PAD_JTAG_TRST. In line 50, C:\Users\jingyu\OneDrive - Cadence Design Systems Inc\Desktop\checklist_dev\AI_2026_V1\CHECKLIST\CHECKLIST\IP_project_folder\reports\tv_chip_gds_bump.csv: Bump location data extracted from GDS/OAS matches package requirements
68: Info: PAD_NJ_NCLK. In line 469, C:\Users\jingyu\OneDrive - Cadence Design Systems Inc\Desktop\checklist_dev\AI_2026_V1\CHECKLIST\CHECKLIST\IP_project_folder\reports\tv_chip_gds_bump.csv: Bump location data extracted from GDS/OAS matches package requirements
69: Info: PAD_NJ_PAD0. In line 507, C:\Users\jingyu\OneDrive - Cadence Design Systems Inc\Desktop\checklist_dev\AI_2026_V1\CHECKLIST\CHECKLIST\IP_project_folder\reports\tv_chip_gds_bump.csv: Bump location data extracted from GDS/OAS matches package requirements
70: Info: PAD_NJ_PAD1. In line 471, C:\Users\jingyu\OneDrive - Cadence Design Systems Inc\Desktop\checklist_dev\AI_2026_V1\CHECKLIST\CHECKLIST\IP_project_folder\reports\tv_chip_gds_bump.csv: Bump location data extracted from GDS/OAS matches package requirements
71: Info: PAD_RESET_n. In line 2333, C:\Users\jingyu\OneDrive - Cadence Design Systems Inc\Desktop\checklist_dev\AI_2026_V1\CHECKLIST\CHECKLIST\IP_project_folder\reports\tv_chip_gds_bump.csv: Bump location data extracted from GDS/OAS matches package requirements
72: Info: PAD_XTAL_IN. In line 346, C:\Users\jingyu\OneDrive - Cadence Design Systems Inc\Desktop\checklist_dev\AI_2026_V1\CHECKLIST\CHECKLIST\IP_project_folder\reports\tv_chip_gds_bump.csv: Bump location data extracted from GDS/OAS matches package requirements
73: Info: VDD. In line 4697, C:\Users\jingyu\OneDrive - Cadence Design Systems Inc\Desktop\checklist_dev\AI_2026_V1\CHECKLIST\CHECKLIST\IP_project_folder\reports\tv_chip_gds_bump.csv: Bump location data extracted from GDS/OAS matches package requirements
74: Info: VDD2. In line 856, C:\Users\jingyu\OneDrive - Cadence Design Systems Inc\Desktop\checklist_dev\AI_2026_V1\CHECKLIST\CHECKLIST\IP_project_folder\reports\tv_chip_gds_bump.csv: Bump location data extracted from GDS/OAS matches package requirements
75: Info: VDDHV_PLL_FRAC0. In line 48, C:\Users\jingyu\OneDrive - Cadence Design Systems Inc\Desktop\checklist_dev\AI_2026_V1\CHECKLIST\CHECKLIST\IP_project_folder\reports\tv_chip_gds_bump.csv: Bump location data extracted from GDS/OAS matches package requirements
76: Info: VDDHV_PLL_FRAC1. In line 350, C:\Users\jingyu\OneDrive - Cadence Design Systems Inc\Desktop\checklist_dev\AI_2026_V1\CHECKLIST\CHECKLIST\IP_project_folder\reports\tv_chip_gds_bump.csv: Bump location data extracted from GDS/OAS matches package requirements
77: Info: VDDPOST_PLL_FRAC0. In line 52, C:\Users\jingyu\OneDrive - Cadence Design Systems Inc\Desktop\checklist_dev\AI_2026_V1\CHECKLIST\CHECKLIST\IP_project_folder\reports\tv_chip_gds_bump.csv: Bump location data extracted from GDS/OAS matches package requirements
78: Info: VDDPOST_PLL_FRAC1. In line 352, C:\Users\jingyu\OneDrive - Cadence Design Systems Inc\Desktop\checklist_dev\AI_2026_V1\CHECKLIST\CHECKLIST\IP_project_folder\reports\tv_chip_gds_bump.csv: Bump location data extracted from GDS/OAS matches package requirements
79: Info: VDDPST. In line 387, C:\Users\jingyu\OneDrive - Cadence Design Systems Inc\Desktop\checklist_dev\AI_2026_V1\CHECKLIST\CHECKLIST\IP_project_folder\reports\tv_chip_gds_bump.csv: Bump location data extracted from GDS/OAS matches package requirements
80: Info: VDDQ. In line 4699, C:\Users\jingyu\OneDrive - Cadence Design Systems Inc\Desktop\checklist_dev\AI_2026_V1\CHECKLIST\CHECKLIST\IP_project_folder\reports\tv_chip_gds_bump.csv: Bump location data extracted from GDS/OAS matches package requirements
81: Info: VDDQ_CK. In line 4683, C:\Users\jingyu\OneDrive - Cadence Design Systems Inc\Desktop\checklist_dev\AI_2026_V1\CHECKLIST\CHECKLIST\IP_project_folder\reports\tv_chip_gds_bump.csv: Bump location data extracted from GDS/OAS matches package requirements
82: Info: VDDQ_CK_SENSE. In line 3008, C:\Users\jingyu\OneDrive - Cadence Design Systems Inc\Desktop\checklist_dev\AI_2026_V1\CHECKLIST\CHECKLIST\IP_project_folder\reports\tv_chip_gds_bump.csv: Bump location data extracted from GDS/OAS matches package requirements
83: Info: VDDQ_SENSE. In line 76, C:\Users\jingyu\OneDrive - Cadence Design Systems Inc\Desktop\checklist_dev\AI_2026_V1\CHECKLIST\CHECKLIST\IP_project_folder\reports\tv_chip_gds_bump.csv: Bump location data extracted from GDS/OAS matches package requirements
84: Info: VDDREF_PLL_FRAC0. In line 65, C:\Users\jingyu\OneDrive - Cadence Design Systems Inc\Desktop\checklist_dev\AI_2026_V1\CHECKLIST\CHECKLIST\IP_project_folder\reports\tv_chip_gds_bump.csv: Bump location data extracted from GDS/OAS matches package requirements
85: Info: VDDREF_PLL_FRAC1. In line 365, C:\Users\jingyu\OneDrive - Cadence Design Systems Inc\Desktop\checklist_dev\AI_2026_V1\CHECKLIST\CHECKLIST\IP_project_folder\reports\tv_chip_gds_bump.csv: Bump location data extracted from GDS/OAS matches package requirements
86: Info: VDD_PLL. In line 4464, C:\Users\jingyu\OneDrive - Cadence Design Systems Inc\Desktop\checklist_dev\AI_2026_V1\CHECKLIST\CHECKLIST\IP_project_folder\reports\tv_chip_gds_bump.csv: Bump location data extracted from GDS/OAS matches package requirements
87: Info: VDD_PLL_CA. In line 4502, C:\Users\jingyu\OneDrive - Cadence Design Systems Inc\Desktop\checklist_dev\AI_2026_V1\CHECKLIST\CHECKLIST\IP_project_folder\reports\tv_chip_gds_bump.csv: Bump location data extracted from GDS/OAS matches package requirements
88: Info: VDD_PLL_DSHM. In line 19, C:\Users\jingyu\OneDrive - Cadence Design Systems Inc\Desktop\checklist_dev\AI_2026_V1\CHECKLIST\CHECKLIST\IP_project_folder\reports\tv_chip_gds_bump.csv: Bump location data extracted from GDS/OAS matches package requirements
89: Info: VDD_PLL_TOP. In line 3636, C:\Users\jingyu\OneDrive - Cadence Design Systems Inc\Desktop\checklist_dev\AI_2026_V1\CHECKLIST\CHECKLIST\IP_project_folder\reports\tv_chip_gds_bump.csv: Bump location data extracted from GDS/OAS matches package requirements
90: Info: VDD_SENSE. In line 77, C:\Users\jingyu\OneDrive - Cadence Design Systems Inc\Desktop\checklist_dev\AI_2026_V1\CHECKLIST\CHECKLIST\IP_project_folder\reports\tv_chip_gds_bump.csv: Bump location data extracted from GDS/OAS matches package requirements
91: Info: VSS. In line 4696, C:\Users\jingyu\OneDrive - Cadence Design Systems Inc\Desktop\checklist_dev\AI_2026_V1\CHECKLIST\CHECKLIST\IP_project_folder\reports\tv_chip_gds_bump.csv: Bump location data extracted from GDS/OAS matches package requirements
