PASS:IMP-12-0-0-08:Confirm the MIM_ANT rule deck setting is correct. (For MIG,please check with AMS team about the MIM cell type (MIM or SHDMIM) because the MIM_ANT rule will be different).
Warn Occurrence: 2
1: Warn: FHDMIM: Waiver entry not matched - no corresponding MIM antenna configuration mismatch found: Waived for MIG project using SHDMIM cell type - FHDMIM enabled state is required per AMS team guidance[WAIVER]
2: Warn: SHDMIM: Waiver entry not matched - no corresponding MIM antenna configuration mismatch found: Waived - alternative MIM configuration approved for this technology node[WAIVER]
Info Occurrence: 111
1: Info: BPC_F. In line 1967, C:\Users\jingyu\OneDrive - Cadence Design Systems Inc\Desktop\checklist_dev\AI_2026_V1\CHECKLIST\CHECKLIST\IP_project_folder\logs\do_pvs_ANT_MIM_pvl.log: MIM antenna configuration variables found in PVL log and sourceme files
2: Info: BPC_W_FLOAT. In line 2123, C:\Users\jingyu\OneDrive - Cadence Design Systems Inc\Desktop\checklist_dev\AI_2026_V1\CHECKLIST\CHECKLIST\IP_project_folder\logs\do_pvs_ANT_MIM_pvl.log: MIM antenna configuration variables found in PVL log and sourceme files
3: Info: BPC_W_GATE. In line 2093, C:\Users\jingyu\OneDrive - Cadence Design Systems Inc\Desktop\checklist_dev\AI_2026_V1\CHECKLIST\CHECKLIST\IP_project_folder\logs\do_pvs_ANT_MIM_pvl.log: MIM antenna configuration variables found in PVL log and sourceme files
4: Info: BPC_W_OD. In line 2078, C:\Users\jingyu\OneDrive - Cadence Design Systems Inc\Desktop\checklist_dev\AI_2026_V1\CHECKLIST\CHECKLIST\IP_project_folder\logs\do_pvs_ANT_MIM_pvl.log: MIM antenna configuration variables found in PVL log and sourceme files
5: Info: BPCi. In line 1972, C:\Users\jingyu\OneDrive - Cadence Design Systems Inc\Desktop\checklist_dev\AI_2026_V1\CHECKLIST\CHECKLIST\IP_project_folder\logs\do_pvs_ANT_MIM_pvl.log: MIM antenna configuration variables found in PVL log and sourceme files
6: Info: CBM_F. In line 1582, C:\Users\jingyu\OneDrive - Cadence Design Systems Inc\Desktop\checklist_dev\AI_2026_V1\CHECKLIST\CHECKLIST\IP_project_folder\logs\do_pvs_ANT_MIM_pvl.log: MIM antenna configuration variables found in PVL log and sourceme files
7: Info: GATE. In line 1622, C:\Users\jingyu\OneDrive - Cadence Design Systems Inc\Desktop\checklist_dev\AI_2026_V1\CHECKLIST\CHECKLIST\IP_project_folder\logs\do_pvs_ANT_MIM_pvl.log: MIM antenna configuration variables found in PVL log and sourceme files
8: Info: M0. In line 1672, C:\Users\jingyu\OneDrive - Cadence Design Systems Inc\Desktop\checklist_dev\AI_2026_V1\CHECKLIST\CHECKLIST\IP_project_folder\logs\do_pvs_ANT_MIM_pvl.log: MIM antenna configuration variables found in PVL log and sourceme files
9: Info: M1. In line 1682, C:\Users\jingyu\OneDrive - Cadence Design Systems Inc\Desktop\checklist_dev\AI_2026_V1\CHECKLIST\CHECKLIST\IP_project_folder\logs\do_pvs_ANT_MIM_pvl.log: MIM antenna configuration variables found in PVL log and sourceme files
10: Info: M10. In line 1862, C:\Users\jingyu\OneDrive - Cadence Design Systems Inc\Desktop\checklist_dev\AI_2026_V1\CHECKLIST\CHECKLIST\IP_project_folder\logs\do_pvs_ANT_MIM_pvl.log: MIM antenna configuration variables found in PVL log and sourceme files
11: Info: M11. In line 1882, C:\Users\jingyu\OneDrive - Cadence Design Systems Inc\Desktop\checklist_dev\AI_2026_V1\CHECKLIST\CHECKLIST\IP_project_folder\logs\do_pvs_ANT_MIM_pvl.log: MIM antenna configuration variables found in PVL log and sourceme files
12: Info: M12. In line 1902, C:\Users\jingyu\OneDrive - Cadence Design Systems Inc\Desktop\checklist_dev\AI_2026_V1\CHECKLIST\CHECKLIST\IP_project_folder\logs\do_pvs_ANT_MIM_pvl.log: MIM antenna configuration variables found in PVL log and sourceme files
13: Info: M13. In line 1922, C:\Users\jingyu\OneDrive - Cadence Design Systems Inc\Desktop\checklist_dev\AI_2026_V1\CHECKLIST\CHECKLIST\IP_project_folder\logs\do_pvs_ANT_MIM_pvl.log: MIM antenna configuration variables found in PVL log and sourceme files
14: Info: M14. In line 1942, C:\Users\jingyu\OneDrive - Cadence Design Systems Inc\Desktop\checklist_dev\AI_2026_V1\CHECKLIST\CHECKLIST\IP_project_folder\logs\do_pvs_ANT_MIM_pvl.log: MIM antenna configuration variables found in PVL log and sourceme files
15: Info: M15. In line 1952, C:\Users\jingyu\OneDrive - Cadence Design Systems Inc\Desktop\checklist_dev\AI_2026_V1\CHECKLIST\CHECKLIST\IP_project_folder\logs\do_pvs_ANT_MIM_pvl.log: MIM antenna configuration variables found in PVL log and sourceme files
16: Info: M16. In line 1962, C:\Users\jingyu\OneDrive - Cadence Design Systems Inc\Desktop\checklist_dev\AI_2026_V1\CHECKLIST\CHECKLIST\IP_project_folder\logs\do_pvs_ANT_MIM_pvl.log: MIM antenna configuration variables found in PVL log and sourceme files
17: Info: M2. In line 1702, C:\Users\jingyu\OneDrive - Cadence Design Systems Inc\Desktop\checklist_dev\AI_2026_V1\CHECKLIST\CHECKLIST\IP_project_folder\logs\do_pvs_ANT_MIM_pvl.log: MIM antenna configuration variables found in PVL log and sourceme files
18: Info: M3. In line 1722, C:\Users\jingyu\OneDrive - Cadence Design Systems Inc\Desktop\checklist_dev\AI_2026_V1\CHECKLIST\CHECKLIST\IP_project_folder\logs\do_pvs_ANT_MIM_pvl.log: MIM antenna configuration variables found in PVL log and sourceme files
19: Info: M4. In line 1742, C:\Users\jingyu\OneDrive - Cadence Design Systems Inc\Desktop\checklist_dev\AI_2026_V1\CHECKLIST\CHECKLIST\IP_project_folder\logs\do_pvs_ANT_MIM_pvl.log: MIM antenna configuration variables found in PVL log and sourceme files
20: Info: M5. In line 1762, C:\Users\jingyu\OneDrive - Cadence Design Systems Inc\Desktop\checklist_dev\AI_2026_V1\CHECKLIST\CHECKLIST\IP_project_folder\logs\do_pvs_ANT_MIM_pvl.log: MIM antenna configuration variables found in PVL log and sourceme files
21: Info: M6. In line 1782, C:\Users\jingyu\OneDrive - Cadence Design Systems Inc\Desktop\checklist_dev\AI_2026_V1\CHECKLIST\CHECKLIST\IP_project_folder\logs\do_pvs_ANT_MIM_pvl.log: MIM antenna configuration variables found in PVL log and sourceme files
22: Info: M7. In line 1802, C:\Users\jingyu\OneDrive - Cadence Design Systems Inc\Desktop\checklist_dev\AI_2026_V1\CHECKLIST\CHECKLIST\IP_project_folder\logs\do_pvs_ANT_MIM_pvl.log: MIM antenna configuration variables found in PVL log and sourceme files
23: Info: M8. In line 1822, C:\Users\jingyu\OneDrive - Cadence Design Systems Inc\Desktop\checklist_dev\AI_2026_V1\CHECKLIST\CHECKLIST\IP_project_folder\logs\do_pvs_ANT_MIM_pvl.log: MIM antenna configuration variables found in PVL log and sourceme files
24: Info: M9. In line 1842, C:\Users\jingyu\OneDrive - Cadence Design Systems Inc\Desktop\checklist_dev\AI_2026_V1\CHECKLIST\CHECKLIST\IP_project_folder\logs\do_pvs_ANT_MIM_pvl.log: MIM antenna configuration variables found in PVL log and sourceme files
25: Info: MD. In line 1632, C:\Users\jingyu\OneDrive - Cadence Design Systems Inc\Desktop\checklist_dev\AI_2026_V1\CHECKLIST\CHECKLIST\IP_project_folder\logs\do_pvs_ANT_MIM_pvl.log: MIM antenna configuration variables found in PVL log and sourceme files
26: Info: MIM_CONNECTED_ALL_BPC. In line 2183, C:\Users\jingyu\OneDrive - Cadence Design Systems Inc\Desktop\checklist_dev\AI_2026_V1\CHECKLIST\CHECKLIST\IP_project_folder\logs\do_pvs_ANT_MIM_pvl.log: MIM antenna configuration variables found in PVL log and sourceme files
27: Info: MIM_CONNECTED_ALL_MPC. In line 2173, C:\Users\jingyu\OneDrive - Cadence Design Systems Inc\Desktop\checklist_dev\AI_2026_V1\CHECKLIST\CHECKLIST\IP_project_folder\logs\do_pvs_ANT_MIM_pvl.log: MIM antenna configuration variables found in PVL log and sourceme files
28: Info: MIM_CONNECTED_ALL_TPC. In line 2163, C:\Users\jingyu\OneDrive - Cadence Design Systems Inc\Desktop\checklist_dev\AI_2026_V1\CHECKLIST\CHECKLIST\IP_project_folder\logs\do_pvs_ANT_MIM_pvl.log: MIM antenna configuration variables found in PVL log and sourceme files
29: Info: MIM_FLOATING_ALL_BPC. In line 2153, C:\Users\jingyu\OneDrive - Cadence Design Systems Inc\Desktop\checklist_dev\AI_2026_V1\CHECKLIST\CHECKLIST\IP_project_folder\logs\do_pvs_ANT_MIM_pvl.log: MIM antenna configuration variables found in PVL log and sourceme files
30: Info: MIM_FLOATING_ALL_MPC. In line 2143, C:\Users\jingyu\OneDrive - Cadence Design Systems Inc\Desktop\checklist_dev\AI_2026_V1\CHECKLIST\CHECKLIST\IP_project_folder\logs\do_pvs_ANT_MIM_pvl.log: MIM antenna configuration variables found in PVL log and sourceme files
31: Info: MIM_FLOATING_ALL_TPC. In line 2133, C:\Users\jingyu\OneDrive - Cadence Design Systems Inc\Desktop\checklist_dev\AI_2026_V1\CHECKLIST\CHECKLIST\IP_project_folder\logs\do_pvs_ANT_MIM_pvl.log: MIM antenna configuration variables found in PVL log and sourceme files
32: Info: MPC_F. In line 1977, C:\Users\jingyu\OneDrive - Cadence Design Systems Inc\Desktop\checklist_dev\AI_2026_V1\CHECKLIST\CHECKLIST\IP_project_folder\logs\do_pvs_ANT_MIM_pvl.log: MIM antenna configuration variables found in PVL log and sourceme files
33: Info: MPC_W_FLOAT. In line 2113, C:\Users\jingyu\OneDrive - Cadence Design Systems Inc\Desktop\checklist_dev\AI_2026_V1\CHECKLIST\CHECKLIST\IP_project_folder\logs\do_pvs_ANT_MIM_pvl.log: MIM antenna configuration variables found in PVL log and sourceme files
34: Info: MPC_W_GATE. In line 2088, C:\Users\jingyu\OneDrive - Cadence Design Systems Inc\Desktop\checklist_dev\AI_2026_V1\CHECKLIST\CHECKLIST\IP_project_folder\logs\do_pvs_ANT_MIM_pvl.log: MIM antenna configuration variables found in PVL log and sourceme files
35: Info: MPC_W_OD. In line 2073, C:\Users\jingyu\OneDrive - Cadence Design Systems Inc\Desktop\checklist_dev\AI_2026_V1\CHECKLIST\CHECKLIST\IP_project_folder\logs\do_pvs_ANT_MIM_pvl.log: MIM antenna configuration variables found in PVL log and sourceme files
36: Info: MPCi. In line 1982, C:\Users\jingyu\OneDrive - Cadence Design Systems Inc\Desktop\checklist_dev\AI_2026_V1\CHECKLIST\CHECKLIST\IP_project_folder\logs\do_pvs_ANT_MIM_pvl.log: MIM antenna configuration variables found in PVL log and sourceme files
37: Info: POLYc. In line 1627, C:\Users\jingyu\OneDrive - Cadence Design Systems Inc\Desktop\checklist_dev\AI_2026_V1\CHECKLIST\CHECKLIST\IP_project_folder\logs\do_pvs_ANT_MIM_pvl.log: MIM antenna configuration variables found in PVL log and sourceme files
38: Info: RHTN10. In line 1847, C:\Users\jingyu\OneDrive - Cadence Design Systems Inc\Desktop\checklist_dev\AI_2026_V1\CHECKLIST\CHECKLIST\IP_project_folder\logs\do_pvs_ANT_MIM_pvl.log: MIM antenna configuration variables found in PVL log and sourceme files
39: Info: RHTN11. In line 1867, C:\Users\jingyu\OneDrive - Cadence Design Systems Inc\Desktop\checklist_dev\AI_2026_V1\CHECKLIST\CHECKLIST\IP_project_folder\logs\do_pvs_ANT_MIM_pvl.log: MIM antenna configuration variables found in PVL log and sourceme files
40: Info: RHTN12. In line 1887, C:\Users\jingyu\OneDrive - Cadence Design Systems Inc\Desktop\checklist_dev\AI_2026_V1\CHECKLIST\CHECKLIST\IP_project_folder\logs\do_pvs_ANT_MIM_pvl.log: MIM antenna configuration variables found in PVL log and sourceme files
41: Info: RHTN13. In line 1907, C:\Users\jingyu\OneDrive - Cadence Design Systems Inc\Desktop\checklist_dev\AI_2026_V1\CHECKLIST\CHECKLIST\IP_project_folder\logs\do_pvs_ANT_MIM_pvl.log: MIM antenna configuration variables found in PVL log and sourceme files
42: Info: RHTN14. In line 1927, C:\Users\jingyu\OneDrive - Cadence Design Systems Inc\Desktop\checklist_dev\AI_2026_V1\CHECKLIST\CHECKLIST\IP_project_folder\logs\do_pvs_ANT_MIM_pvl.log: MIM antenna configuration variables found in PVL log and sourceme files
43: Info: RHTN15. In line 1567, C:\Users\jingyu\OneDrive - Cadence Design Systems Inc\Desktop\checklist_dev\AI_2026_V1\CHECKLIST\CHECKLIST\IP_project_folder\logs\do_pvs_ANT_MIM_pvl.log: MIM antenna configuration variables found in PVL log and sourceme files
44: Info: RHTN16. In line 1597, C:\Users\jingyu\OneDrive - Cadence Design Systems Inc\Desktop\checklist_dev\AI_2026_V1\CHECKLIST\CHECKLIST\IP_project_folder\logs\do_pvs_ANT_MIM_pvl.log: MIM antenna configuration variables found in PVL log and sourceme files
45: Info: RHTN2. In line 1687, C:\Users\jingyu\OneDrive - Cadence Design Systems Inc\Desktop\checklist_dev\AI_2026_V1\CHECKLIST\CHECKLIST\IP_project_folder\logs\do_pvs_ANT_MIM_pvl.log: MIM antenna configuration variables found in PVL log and sourceme files
46: Info: RHTN3. In line 1707, C:\Users\jingyu\OneDrive - Cadence Design Systems Inc\Desktop\checklist_dev\AI_2026_V1\CHECKLIST\CHECKLIST\IP_project_folder\logs\do_pvs_ANT_MIM_pvl.log: MIM antenna configuration variables found in PVL log and sourceme files
47: Info: RHTN4. In line 1727, C:\Users\jingyu\OneDrive - Cadence Design Systems Inc\Desktop\checklist_dev\AI_2026_V1\CHECKLIST\CHECKLIST\IP_project_folder\logs\do_pvs_ANT_MIM_pvl.log: MIM antenna configuration variables found in PVL log and sourceme files
48: Info: RHTN5. In line 1747, C:\Users\jingyu\OneDrive - Cadence Design Systems Inc\Desktop\checklist_dev\AI_2026_V1\CHECKLIST\CHECKLIST\IP_project_folder\logs\do_pvs_ANT_MIM_pvl.log: MIM antenna configuration variables found in PVL log and sourceme files
49: Info: RHTN6. In line 1767, C:\Users\jingyu\OneDrive - Cadence Design Systems Inc\Desktop\checklist_dev\AI_2026_V1\CHECKLIST\CHECKLIST\IP_project_folder\logs\do_pvs_ANT_MIM_pvl.log: MIM antenna configuration variables found in PVL log and sourceme files
50: Info: RHTN7. In line 1787, C:\Users\jingyu\OneDrive - Cadence Design Systems Inc\Desktop\checklist_dev\AI_2026_V1\CHECKLIST\CHECKLIST\IP_project_folder\logs\do_pvs_ANT_MIM_pvl.log: MIM antenna configuration variables found in PVL log and sourceme files
51: Info: RHTN8. In line 1807, C:\Users\jingyu\OneDrive - Cadence Design Systems Inc\Desktop\checklist_dev\AI_2026_V1\CHECKLIST\CHECKLIST\IP_project_folder\logs\do_pvs_ANT_MIM_pvl.log: MIM antenna configuration variables found in PVL log and sourceme files
52: Info: RHTN9. In line 1827, C:\Users\jingyu\OneDrive - Cadence Design Systems Inc\Desktop\checklist_dev\AI_2026_V1\CHECKLIST\CHECKLIST\IP_project_folder\logs\do_pvs_ANT_MIM_pvl.log: MIM antenna configuration variables found in PVL log and sourceme files
53: Info: SD. In line 1642, C:\Users\jingyu\OneDrive - Cadence Design Systems Inc\Desktop\checklist_dev\AI_2026_V1\CHECKLIST\CHECKLIST\IP_project_folder\logs\do_pvs_ANT_MIM_pvl.log: MIM antenna configuration variables found in PVL log and sourceme files
54: Info: TPC_F. In line 1987, C:\Users\jingyu\OneDrive - Cadence Design Systems Inc\Desktop\checklist_dev\AI_2026_V1\CHECKLIST\CHECKLIST\IP_project_folder\logs\do_pvs_ANT_MIM_pvl.log: MIM antenna configuration variables found in PVL log and sourceme files
55: Info: TPC_W_FLOAT. In line 2103, C:\Users\jingyu\OneDrive - Cadence Design Systems Inc\Desktop\checklist_dev\AI_2026_V1\CHECKLIST\CHECKLIST\IP_project_folder\logs\do_pvs_ANT_MIM_pvl.log: MIM antenna configuration variables found in PVL log and sourceme files
56: Info: TPC_W_GATE. In line 2083, C:\Users\jingyu\OneDrive - Cadence Design Systems Inc\Desktop\checklist_dev\AI_2026_V1\CHECKLIST\CHECKLIST\IP_project_folder\logs\do_pvs_ANT_MIM_pvl.log: MIM antenna configuration variables found in PVL log and sourceme files
57: Info: TPC_W_OD. In line 2068, C:\Users\jingyu\OneDrive - Cadence Design Systems Inc\Desktop\checklist_dev\AI_2026_V1\CHECKLIST\CHECKLIST\IP_project_folder\logs\do_pvs_ANT_MIM_pvl.log: MIM antenna configuration variables found in PVL log and sourceme files
58: Info: TPCi. In line 1992, C:\Users\jingyu\OneDrive - Cadence Design Systems Inc\Desktop\checklist_dev\AI_2026_V1\CHECKLIST\CHECKLIST\IP_project_folder\logs\do_pvs_ANT_MIM_pvl.log: MIM antenna configuration variables found in PVL log and sourceme files
59: Info: V10HiR. In line 1872, C:\Users\jingyu\OneDrive - Cadence Design Systems Inc\Desktop\checklist_dev\AI_2026_V1\CHECKLIST\CHECKLIST\IP_project_folder\logs\do_pvs_ANT_MIM_pvl.log: MIM antenna configuration variables found in PVL log and sourceme files
60: Info: V11HiR. In line 1892, C:\Users\jingyu\OneDrive - Cadence Design Systems Inc\Desktop\checklist_dev\AI_2026_V1\CHECKLIST\CHECKLIST\IP_project_folder\logs\do_pvs_ANT_MIM_pvl.log: MIM antenna configuration variables found in PVL log and sourceme files
61: Info: V12HiR. In line 1912, C:\Users\jingyu\OneDrive - Cadence Design Systems Inc\Desktop\checklist_dev\AI_2026_V1\CHECKLIST\CHECKLIST\IP_project_folder\logs\do_pvs_ANT_MIM_pvl.log: MIM antenna configuration variables found in PVL log and sourceme files
62: Info: V13HiR. In line 1932, C:\Users\jingyu\OneDrive - Cadence Design Systems Inc\Desktop\checklist_dev\AI_2026_V1\CHECKLIST\CHECKLIST\IP_project_folder\logs\do_pvs_ANT_MIM_pvl.log: MIM antenna configuration variables found in PVL log and sourceme files
63: Info: V14CAP. In line 1577, C:\Users\jingyu\OneDrive - Cadence Design Systems Inc\Desktop\checklist_dev\AI_2026_V1\CHECKLIST\CHECKLIST\IP_project_folder\logs\do_pvs_ANT_MIM_pvl.log: MIM antenna configuration variables found in PVL log and sourceme files
64: Info: V14CAP_CBM_CTM. In line 1587, C:\Users\jingyu\OneDrive - Cadence Design Systems Inc\Desktop\checklist_dev\AI_2026_V1\CHECKLIST\CHECKLIST\IP_project_folder\logs\do_pvs_ANT_MIM_pvl.log: MIM antenna configuration variables found in PVL log and sourceme files
65: Info: V14HiR. In line 1572, C:\Users\jingyu\OneDrive - Cadence Design Systems Inc\Desktop\checklist_dev\AI_2026_V1\CHECKLIST\CHECKLIST\IP_project_folder\logs\do_pvs_ANT_MIM_pvl.log: MIM antenna configuration variables found in PVL log and sourceme files
66: Info: V15CAP. In line 1607, C:\Users\jingyu\OneDrive - Cadence Design Systems Inc\Desktop\checklist_dev\AI_2026_V1\CHECKLIST\CHECKLIST\IP_project_folder\logs\do_pvs_ANT_MIM_pvl.log: MIM antenna configuration variables found in PVL log and sourceme files
67: Info: V15CAP_CBM_CTM. In line 1612, C:\Users\jingyu\OneDrive - Cadence Design Systems Inc\Desktop\checklist_dev\AI_2026_V1\CHECKLIST\CHECKLIST\IP_project_folder\logs\do_pvs_ANT_MIM_pvl.log: MIM antenna configuration variables found in PVL log and sourceme files
68: Info: V15HiR. In line 1602, C:\Users\jingyu\OneDrive - Cadence Design Systems Inc\Desktop\checklist_dev\AI_2026_V1\CHECKLIST\CHECKLIST\IP_project_folder\logs\do_pvs_ANT_MIM_pvl.log: MIM antenna configuration variables found in PVL log and sourceme files
69: Info: V1HiR. In line 1692, C:\Users\jingyu\OneDrive - Cadence Design Systems Inc\Desktop\checklist_dev\AI_2026_V1\CHECKLIST\CHECKLIST\IP_project_folder\logs\do_pvs_ANT_MIM_pvl.log: MIM antenna configuration variables found in PVL log and sourceme files
70: Info: V2HiR. In line 1712, C:\Users\jingyu\OneDrive - Cadence Design Systems Inc\Desktop\checklist_dev\AI_2026_V1\CHECKLIST\CHECKLIST\IP_project_folder\logs\do_pvs_ANT_MIM_pvl.log: MIM antenna configuration variables found in PVL log and sourceme files
71: Info: V3HiR. In line 1732, C:\Users\jingyu\OneDrive - Cadence Design Systems Inc\Desktop\checklist_dev\AI_2026_V1\CHECKLIST\CHECKLIST\IP_project_folder\logs\do_pvs_ANT_MIM_pvl.log: MIM antenna configuration variables found in PVL log and sourceme files
72: Info: V4HiR. In line 1752, C:\Users\jingyu\OneDrive - Cadence Design Systems Inc\Desktop\checklist_dev\AI_2026_V1\CHECKLIST\CHECKLIST\IP_project_folder\logs\do_pvs_ANT_MIM_pvl.log: MIM antenna configuration variables found in PVL log and sourceme files
73: Info: V5HiR. In line 1772, C:\Users\jingyu\OneDrive - Cadence Design Systems Inc\Desktop\checklist_dev\AI_2026_V1\CHECKLIST\CHECKLIST\IP_project_folder\logs\do_pvs_ANT_MIM_pvl.log: MIM antenna configuration variables found in PVL log and sourceme files
74: Info: V6HiR. In line 1792, C:\Users\jingyu\OneDrive - Cadence Design Systems Inc\Desktop\checklist_dev\AI_2026_V1\CHECKLIST\CHECKLIST\IP_project_folder\logs\do_pvs_ANT_MIM_pvl.log: MIM antenna configuration variables found in PVL log and sourceme files
75: Info: V7HiR. In line 1812, C:\Users\jingyu\OneDrive - Cadence Design Systems Inc\Desktop\checklist_dev\AI_2026_V1\CHECKLIST\CHECKLIST\IP_project_folder\logs\do_pvs_ANT_MIM_pvl.log: MIM antenna configuration variables found in PVL log and sourceme files
76: Info: V8HiR. In line 1832, C:\Users\jingyu\OneDrive - Cadence Design Systems Inc\Desktop\checklist_dev\AI_2026_V1\CHECKLIST\CHECKLIST\IP_project_folder\logs\do_pvs_ANT_MIM_pvl.log: MIM antenna configuration variables found in PVL log and sourceme files
77: Info: V9HiR. In line 1852, C:\Users\jingyu\OneDrive - Cadence Design Systems Inc\Desktop\checklist_dev\AI_2026_V1\CHECKLIST\CHECKLIST\IP_project_folder\logs\do_pvs_ANT_MIM_pvl.log: MIM antenna configuration variables found in PVL log and sourceme files
78: Info: VD. In line 1652, C:\Users\jingyu\OneDrive - Cadence Design Systems Inc\Desktop\checklist_dev\AI_2026_V1\CHECKLIST\CHECKLIST\IP_project_folder\logs\do_pvs_ANT_MIM_pvl.log: MIM antenna configuration variables found in PVL log and sourceme files
79: Info: VDR. In line 1657, C:\Users\jingyu\OneDrive - Cadence Design Systems Inc\Desktop\checklist_dev\AI_2026_V1\CHECKLIST\CHECKLIST\IP_project_folder\logs\do_pvs_ANT_MIM_pvl.log: MIM antenna configuration variables found in PVL log and sourceme files
80: Info: VG. In line 1647, C:\Users\jingyu\OneDrive - Cadence Design Systems Inc\Desktop\checklist_dev\AI_2026_V1\CHECKLIST\CHECKLIST\IP_project_folder\logs\do_pvs_ANT_MIM_pvl.log: MIM antenna configuration variables found in PVL log and sourceme files
81: Info: VIA0. In line 1677, C:\Users\jingyu\OneDrive - Cadence Design Systems Inc\Desktop\checklist_dev\AI_2026_V1\CHECKLIST\CHECKLIST\IP_project_folder\logs\do_pvs_ANT_MIM_pvl.log: MIM antenna configuration variables found in PVL log and sourceme files
82: Info: VIA1. In line 1697, C:\Users\jingyu\OneDrive - Cadence Design Systems Inc\Desktop\checklist_dev\AI_2026_V1\CHECKLIST\CHECKLIST\IP_project_folder\logs\do_pvs_ANT_MIM_pvl.log: MIM antenna configuration variables found in PVL log and sourceme files
83: Info: VIA10. In line 1877, C:\Users\jingyu\OneDrive - Cadence Design Systems Inc\Desktop\checklist_dev\AI_2026_V1\CHECKLIST\CHECKLIST\IP_project_folder\logs\do_pvs_ANT_MIM_pvl.log: MIM antenna configuration variables found in PVL log and sourceme files
84: Info: VIA11. In line 1897, C:\Users\jingyu\OneDrive - Cadence Design Systems Inc\Desktop\checklist_dev\AI_2026_V1\CHECKLIST\CHECKLIST\IP_project_folder\logs\do_pvs_ANT_MIM_pvl.log: MIM antenna configuration variables found in PVL log and sourceme files
85: Info: VIA12. In line 1917, C:\Users\jingyu\OneDrive - Cadence Design Systems Inc\Desktop\checklist_dev\AI_2026_V1\CHECKLIST\CHECKLIST\IP_project_folder\logs\do_pvs_ANT_MIM_pvl.log: MIM antenna configuration variables found in PVL log and sourceme files
86: Info: VIA13. In line 1937, C:\Users\jingyu\OneDrive - Cadence Design Systems Inc\Desktop\checklist_dev\AI_2026_V1\CHECKLIST\CHECKLIST\IP_project_folder\logs\do_pvs_ANT_MIM_pvl.log: MIM antenna configuration variables found in PVL log and sourceme files
87: Info: VIA14. In line 1947, C:\Users\jingyu\OneDrive - Cadence Design Systems Inc\Desktop\checklist_dev\AI_2026_V1\CHECKLIST\CHECKLIST\IP_project_folder\logs\do_pvs_ANT_MIM_pvl.log: MIM antenna configuration variables found in PVL log and sourceme files
88: Info: VIA15. In line 1957, C:\Users\jingyu\OneDrive - Cadence Design Systems Inc\Desktop\checklist_dev\AI_2026_V1\CHECKLIST\CHECKLIST\IP_project_folder\logs\do_pvs_ANT_MIM_pvl.log: MIM antenna configuration variables found in PVL log and sourceme files
89: Info: VIA2. In line 1717, C:\Users\jingyu\OneDrive - Cadence Design Systems Inc\Desktop\checklist_dev\AI_2026_V1\CHECKLIST\CHECKLIST\IP_project_folder\logs\do_pvs_ANT_MIM_pvl.log: MIM antenna configuration variables found in PVL log and sourceme files
90: Info: VIA3. In line 1737, C:\Users\jingyu\OneDrive - Cadence Design Systems Inc\Desktop\checklist_dev\AI_2026_V1\CHECKLIST\CHECKLIST\IP_project_folder\logs\do_pvs_ANT_MIM_pvl.log: MIM antenna configuration variables found in PVL log and sourceme files
91: Info: VIA4. In line 1757, C:\Users\jingyu\OneDrive - Cadence Design Systems Inc\Desktop\checklist_dev\AI_2026_V1\CHECKLIST\CHECKLIST\IP_project_folder\logs\do_pvs_ANT_MIM_pvl.log: MIM antenna configuration variables found in PVL log and sourceme files
92: Info: VIA5. In line 1777, C:\Users\jingyu\OneDrive - Cadence Design Systems Inc\Desktop\checklist_dev\AI_2026_V1\CHECKLIST\CHECKLIST\IP_project_folder\logs\do_pvs_ANT_MIM_pvl.log: MIM antenna configuration variables found in PVL log and sourceme files
93: Info: VIA6. In line 1797, C:\Users\jingyu\OneDrive - Cadence Design Systems Inc\Desktop\checklist_dev\AI_2026_V1\CHECKLIST\CHECKLIST\IP_project_folder\logs\do_pvs_ANT_MIM_pvl.log: MIM antenna configuration variables found in PVL log and sourceme files
94: Info: VIA7. In line 1817, C:\Users\jingyu\OneDrive - Cadence Design Systems Inc\Desktop\checklist_dev\AI_2026_V1\CHECKLIST\CHECKLIST\IP_project_folder\logs\do_pvs_ANT_MIM_pvl.log: MIM antenna configuration variables found in PVL log and sourceme files
95: Info: VIA8. In line 1837, C:\Users\jingyu\OneDrive - Cadence Design Systems Inc\Desktop\checklist_dev\AI_2026_V1\CHECKLIST\CHECKLIST\IP_project_folder\logs\do_pvs_ANT_MIM_pvl.log: MIM antenna configuration variables found in PVL log and sourceme files
96: Info: VIA9. In line 1857, C:\Users\jingyu\OneDrive - Cadence Design Systems Inc\Desktop\checklist_dev\AI_2026_V1\CHECKLIST\CHECKLIST\IP_project_folder\logs\do_pvs_ANT_MIM_pvl.log: MIM antenna configuration variables found in PVL log and sourceme files
97: Info: _EPTMPL262145. In line 1662, C:\Users\jingyu\OneDrive - Cadence Design Systems Inc\Desktop\checklist_dev\AI_2026_V1\CHECKLIST\CHECKLIST\IP_project_folder\logs\do_pvs_ANT_MIM_pvl.log: MIM antenna configuration variables found in PVL log and sourceme files
98: Info: _EPTMPL262146. In line 1667, C:\Users\jingyu\OneDrive - Cadence Design Systems Inc\Desktop\checklist_dev\AI_2026_V1\CHECKLIST\CHECKLIST\IP_project_folder\logs\do_pvs_ANT_MIM_pvl.log: MIM antenna configuration variables found in PVL log and sourceme files
99: Info: _EPTMPL262181. In line 1637, C:\Users\jingyu\OneDrive - Cadence Design Systems Inc\Desktop\checklist_dev\AI_2026_V1\CHECKLIST\CHECKLIST\IP_project_folder\logs\do_pvs_ANT_MIM_pvl.log: MIM antenna configuration variables found in PVL log and sourceme files
100: Info: _EPTMPL262257. In line 1592, C:\Users\jingyu\OneDrive - Cadence Design Systems Inc\Desktop\checklist_dev\AI_2026_V1\CHECKLIST\CHECKLIST\IP_project_folder\logs\do_pvs_ANT_MIM_pvl.log: MIM antenna configuration variables found in PVL log and sourceme files
101: Info: _EPTMPL262265. In line 1617, C:\Users\jingyu\OneDrive - Cadence Design Systems Inc\Desktop\checklist_dev\AI_2026_V1\CHECKLIST\CHECKLIST\IP_project_folder\logs\do_pvs_ANT_MIM_pvl.log: MIM antenna configuration variables found in PVL log and sourceme files
102: Info: _EPTMPL262340. In line 2098, C:\Users\jingyu\OneDrive - Cadence Design Systems Inc\Desktop\checklist_dev\AI_2026_V1\CHECKLIST\CHECKLIST\IP_project_folder\logs\do_pvs_ANT_MIM_pvl.log: MIM antenna configuration variables found in PVL log and sourceme files
103: Info: _EPTMPL262342. In line 2108, C:\Users\jingyu\OneDrive - Cadence Design Systems Inc\Desktop\checklist_dev\AI_2026_V1\CHECKLIST\CHECKLIST\IP_project_folder\logs\do_pvs_ANT_MIM_pvl.log: MIM antenna configuration variables found in PVL log and sourceme files
104: Info: _EPTMPL262344. In line 2118, C:\Users\jingyu\OneDrive - Cadence Design Systems Inc\Desktop\checklist_dev\AI_2026_V1\CHECKLIST\CHECKLIST\IP_project_folder\logs\do_pvs_ANT_MIM_pvl.log: MIM antenna configuration variables found in PVL log and sourceme files
105: Info: _EPTMPL262346. In line 2128, C:\Users\jingyu\OneDrive - Cadence Design Systems Inc\Desktop\checklist_dev\AI_2026_V1\CHECKLIST\CHECKLIST\IP_project_folder\logs\do_pvs_ANT_MIM_pvl.log: MIM antenna configuration variables found in PVL log and sourceme files
106: Info: _EPTMPL262348. In line 2138, C:\Users\jingyu\OneDrive - Cadence Design Systems Inc\Desktop\checklist_dev\AI_2026_V1\CHECKLIST\CHECKLIST\IP_project_folder\logs\do_pvs_ANT_MIM_pvl.log: MIM antenna configuration variables found in PVL log and sourceme files
107: Info: _EPTMPL262350. In line 2148, C:\Users\jingyu\OneDrive - Cadence Design Systems Inc\Desktop\checklist_dev\AI_2026_V1\CHECKLIST\CHECKLIST\IP_project_folder\logs\do_pvs_ANT_MIM_pvl.log: MIM antenna configuration variables found in PVL log and sourceme files
108: Info: _EPTMPL262352. In line 2158, C:\Users\jingyu\OneDrive - Cadence Design Systems Inc\Desktop\checklist_dev\AI_2026_V1\CHECKLIST\CHECKLIST\IP_project_folder\logs\do_pvs_ANT_MIM_pvl.log: MIM antenna configuration variables found in PVL log and sourceme files
109: Info: _EPTMPL262354. In line 2168, C:\Users\jingyu\OneDrive - Cadence Design Systems Inc\Desktop\checklist_dev\AI_2026_V1\CHECKLIST\CHECKLIST\IP_project_folder\logs\do_pvs_ANT_MIM_pvl.log: MIM antenna configuration variables found in PVL log and sourceme files
110: Info: _EPTMPL262356. In line 2178, C:\Users\jingyu\OneDrive - Cadence Design Systems Inc\Desktop\checklist_dev\AI_2026_V1\CHECKLIST\CHECKLIST\IP_project_folder\logs\do_pvs_ANT_MIM_pvl.log: MIM antenna configuration variables found in PVL log and sourceme files
111: Info: _EPTMPL262421. In line 2423, C:\Users\jingyu\OneDrive - Cadence Design Systems Inc\Desktop\checklist_dev\AI_2026_V1\CHECKLIST\CHECKLIST\IP_project_folder\logs\do_pvs_ANT_MIM_pvl.log: MIM antenna configuration variables found in PVL log and sourceme files
