FAIL:IMP-16-0-0-03:Confirm use IP Type code for PHY - "P" in the slices IPTAG for FIRM PHY delivery.
Fail Occurrence: 15
1: Fail: AIOI21KAD1BWP280H6P57CNODLVT (GDS: cdn_hs_phy_top.wIPTAG.gds, Vendor: Taiwan Semiconductor Manufacturing Corp., Product: tcbn05_bwph280l6p57cnod_base_lvt). In line 3, C:\Users\yuyin\OneDrive - Cadence Design Systems Inc\2025\Checklist\AAI\CHECKLIST_V3\CHECKLIST\IP_project_folder\reports\16.0\cdn_hs_phy_top.csv: PHY instance missing IP Type code 'P' in IPTAG - required for FIRM PHY delivery
2: Fail: AIOI21KAD1BWP280H6P57CNODLVTLL (GDS: cdn_hs_phy_top.wIPTAG.gds, Vendor: Taiwan Semiconductor Manufacturing Corp., Product: tcbn05_bwph280l6p57cnod_base_lvtll). In line 4, C:\Users\yuyin\OneDrive - Cadence Design Systems Inc\2025\Checklist\AAI\CHECKLIST_V3\CHECKLIST\IP_project_folder\reports\16.0\cdn_hs_phy_top.csv: PHY instance missing IP Type code 'P' in IPTAG - required for FIRM PHY delivery
3: Fail: AIOI21KAD1BWP280H6P57CNODSVT (GDS: cdn_hs_phy_top.wIPTAG.gds, Vendor: Taiwan Semiconductor Manufacturing Corp., Product: tcbn05_bwph280l6p57cnod_base_svt). In line 5, C:\Users\yuyin\OneDrive - Cadence Design Systems Inc\2025\Checklist\AAI\CHECKLIST_V3\CHECKLIST\IP_project_folder\reports\16.0\cdn_hs_phy_top.csv: PHY instance missing IP Type code 'P' in IPTAG - required for FIRM PHY delivery
4: Fail: AIOI21KAD1BWP280H6P57CNODULVT (GDS: cdn_hs_phy_top.wIPTAG.gds, Vendor: Taiwan Semiconductor Manufacturing Corp., Product: tcbn05_bwph280l6p57cnod_base_ulvt). In line 6, C:\Users\yuyin\OneDrive - Cadence Design Systems Inc\2025\Checklist\AAI\CHECKLIST_V3\CHECKLIST\IP_project_folder\reports\16.0\cdn_hs_phy_top.csv: PHY instance missing IP Type code 'P' in IPTAG - required for FIRM PHY delivery
5: Fail: AIOI21KAD1BWP280H6P57CNODULVTLL (GDS: cdn_hs_phy_top.wIPTAG.gds, Vendor: Taiwan Semiconductor Manufacturing Corp., Product: tcbn05_bwph280l6p57cnod_base_ulvtll). In line 7, C:\Users\yuyin\OneDrive - Cadence Design Systems Inc\2025\Checklist\AAI\CHECKLIST_V3\CHECKLIST\IP_project_folder\reports\16.0\cdn_hs_phy_top.csv: PHY instance missing IP Type code 'P' in IPTAG - required for FIRM PHY delivery
6: Fail: AIOI21KAD2BWP280H6P57CNODLVT (GDS: cdn_hs_phy_top.wIPTAG.gds, Vendor: Taiwan Semiconductor Manufacturing Corp., Product: tcbn05_bwph280l6p57cnod_base_lvt). In line 8, C:\Users\yuyin\OneDrive - Cadence Design Systems Inc\2025\Checklist\AAI\CHECKLIST_V3\CHECKLIST\IP_project_folder\reports\16.0\cdn_hs_phy_top.csv: PHY instance missing IP Type code 'P' in IPTAG - required for FIRM PHY delivery
7: Fail: AIOI21KAD2BWP280H6P57CNODLVTLL (GDS: cdn_hs_phy_top.wIPTAG.gds, Vendor: Taiwan Semiconductor Manufacturing Corp., Product: tcbn05_bwph280l6p57cnod_base_lvtll). In line 9, C:\Users\yuyin\OneDrive - Cadence Design Systems Inc\2025\Checklist\AAI\CHECKLIST_V3\CHECKLIST\IP_project_folder\reports\16.0\cdn_hs_phy_top.csv: PHY instance missing IP Type code 'P' in IPTAG - required for FIRM PHY delivery
8: Fail: AIOI21KAD2BWP280H6P57CNODSVT (GDS: cdn_hs_phy_top.wIPTAG.gds, Vendor: Taiwan Semiconductor Manufacturing Corp., Product: tcbn05_bwph280l6p57cnod_base_svt). In line 10, C:\Users\yuyin\OneDrive - Cadence Design Systems Inc\2025\Checklist\AAI\CHECKLIST_V3\CHECKLIST\IP_project_folder\reports\16.0\cdn_hs_phy_top.csv: PHY instance missing IP Type code 'P' in IPTAG - required for FIRM PHY delivery
9: Fail: AIOI21KAD2BWP280H6P57CNODULVT (GDS: cdn_hs_phy_top.wIPTAG.gds, Vendor: Taiwan Semiconductor Manufacturing Corp., Product: tcbn05_bwph280l6p57cnod_base_ulvt). In line 11, C:\Users\yuyin\OneDrive - Cadence Design Systems Inc\2025\Checklist\AAI\CHECKLIST_V3\CHECKLIST\IP_project_folder\reports\16.0\cdn_hs_phy_top.csv: PHY instance missing IP Type code 'P' in IPTAG - required for FIRM PHY delivery
10: Fail: AIOI21KAD2BWP280H6P57CNODULVTLL (GDS: cdn_hs_phy_top.wIPTAG.gds, Vendor: Taiwan Semiconductor Manufacturing Corp., Product: tcbn05_bwph280l6p57cnod_base_ulvtll). In line 12, C:\Users\yuyin\OneDrive - Cadence Design Systems Inc\2025\Checklist\AAI\CHECKLIST_V3\CHECKLIST\IP_project_folder\reports\16.0\cdn_hs_phy_top.csv: PHY instance missing IP Type code 'P' in IPTAG - required for FIRM PHY delivery
11: Fail: AIOI21KAD4BWP280H6P57CNODLVT (GDS: cdn_hs_phy_top.wIPTAG.gds, Vendor: Taiwan Semiconductor Manufacturing Corp., Product: tcbn05_bwph280l6p57cnod_base_lvt). In line 13, C:\Users\yuyin\OneDrive - Cadence Design Systems Inc\2025\Checklist\AAI\CHECKLIST_V3\CHECKLIST\IP_project_folder\reports\16.0\cdn_hs_phy_top.csv: PHY instance missing IP Type code 'P' in IPTAG - required for FIRM PHY delivery
12: Fail: AIOI21KAD4BWP280H6P57CNODULVT (GDS: cdn_hs_phy_top.wIPTAG.gds, Vendor: Taiwan Semiconductor Manufacturing Corp., Product: tcbn05_bwph280l6p57cnod_base_ulvt). In line 14, C:\Users\yuyin\OneDrive - Cadence Design Systems Inc\2025\Checklist\AAI\CHECKLIST_V3\CHECKLIST\IP_project_folder\reports\16.0\cdn_hs_phy_top.csv: PHY instance missing IP Type code 'P' in IPTAG - required for FIRM PHY delivery
13: Fail: AIOI21KAD4BWP280H6P57CNODULVTLL (GDS: cdn_hs_phy_top.wIPTAG.gds, Vendor: Taiwan Semiconductor Manufacturing Corp., Product: tcbn05_bwph280l6p57cnod_base_ulvtll). In line 15, C:\Users\yuyin\OneDrive - Cadence Design Systems Inc\2025\Checklist\AAI\CHECKLIST_V3\CHECKLIST\IP_project_folder\reports\16.0\cdn_hs_phy_top.csv: PHY instance missing IP Type code 'P' in IPTAG - required for FIRM PHY delivery
14: Fail: cdn_hs_phy_top (GDS: cdn_hs_phy_top.wIPTAG.gds, Vendor: Cadence Design Systems, Inc., Product: HPCFSC_D5D4_T5G$C202209262108$17M1X1Xb1Xe1Ya1Yb5Y2Yy2Yx2R). In line 16, C:\Users\yuyin\OneDrive - Cadence Design Systems Inc\2025\Checklist\AAI\CHECKLIST_V3\CHECKLIST\IP_project_folder\reports\16.0\cdn_hs_phy_top.csv: PHY instance missing IP Type code 'P' in IPTAG - required for FIRM PHY delivery
15: Fail: cdns_ddr_atb_h (GDS: cdn_hs_phy_top.wIPTAG.gds, Vendor: Cadence Design Systems, Inc., Product: DDR500_T5G). In line 17, C:\Users\yuyin\OneDrive - Cadence Design Systems Inc\2025\Checklist\AAI\CHECKLIST_V3\CHECKLIST\IP_project_folder\reports\16.0\cdn_hs_phy_top.csv: PHY instance missing IP Type code 'P' in IPTAG - required for FIRM PHY delivery
