FAIL:IMP-8-0-0-05:Confirm the power switches connection is correct . (for non-PSO, please fill N/A)
Fail Occurrence: 3
1: Fail: LIB_LINT_034:(Type: Library, Severity: Note, Occurrences: 1):Nominal conditions of macro cell are extracted for domains which can work with single nominal voltage. In line 28, C:\Users\yuyin\OneDrive - Cadence Design Systems Inc\2025\Checklist\AAI\CHECKLIST_V3\CHECKLIST\IP_project_folder\reports\8.0\clp_summary_rule_check.rpt: PSO-related rule violations found in CLP summary report
2: Fail: LIB_LINT_067:(Type: Library, Severity: Warning, Occurrences: 18):Cell is extracted as a macro cell because it either has multiple power or ground pins or at least one of its data pins has is_isolated: true attribute specified.. In line 32, C:\Users\yuyin\OneDrive - Cadence Design Systems Inc\2025\Checklist\AAI\CHECKLIST_V3\CHECKLIST\IP_project_folder\reports\8.0\clp_summary_rule_check.rpt: PSO-related rule violations found in CLP summary report
3: Fail: LIB_LINT_068:(Type: Library, Severity: Warning, Occurrences: 2):PG_PIN direction is changed to "input", which is compatible with the defined PG_TYPE.. In line 34, C:\Users\yuyin\OneDrive - Cadence Design Systems Inc\2025\Checklist\AAI\CHECKLIST_V3\CHECKLIST\IP_project_folder\reports\8.0\clp_summary_rule_check.rpt: PSO-related rule violations found in CLP summary report
Info Occurrence: 2
1: Info: LIB_LINT_015:(Type: Library, Severity: Warning, Occurrences: 1):Level shifter does not have the required attribute setting to decide its valid location. In line 26, C:\Users\yuyin\OneDrive - Cadence Design Systems Inc\2025\Checklist\AAI\CHECKLIST_V3\CHECKLIST\IP_project_folder\reports\8.0\clp_summary_rule_check.rpt: Power switch connection violation waived per design team approval[WAIVER]
2: Info: LIB_LINT_040:(Type: Library, Severity: Warning, Occurrences: 18):Ground pin defined as "pwell" type is not related to a primary, backup, or internal type ground pin. In line 30, C:\Users\yuyin\OneDrive - Cadence Design Systems Inc\2025\Checklist\AAI\CHECKLIST_V3\CHECKLIST\IP_project_folder\reports\8.0\clp_summary_rule_check.rpt: Power switch connection violation waived per design team approval[WAIVER]
