################################################################################
# Test Report File for IMP-5-0-0-16
# Conformal LP Power Structure Verification Report
################################################################################

UPF_DOMAIN_VOLTAGE_MISSING: Power domain missing voltage specification
    Type: Power     Severity: Error    Occurrence: 3
    1: Power domain PD1 has no supply voltage defined
    2: Power domain PD_CORE missing supply_set configuration
    3: Domain PD_MEM requires voltage specification

UPF_ISO_STRATEGY_INCOMPLETE: Isolation strategy not properly defined
    Type: Power     Severity: Error    Occurrence: 2
    1: Isolation cell missing for interface between PD1 and PD2
    2: No isolation strategy defined for power domain PD_CORE to PD_IO

RTL1.2: Variable/signal is assigned by multiple non-blocking assignments
    Type: Design     Severity: Warning    Occurrence: 1
    1: phy_mb_eom_pd_ctrl/align_pd_cal_run
       on line 616 in file '/projects/rtl/phy_mb_eom_pd_ctrl.sv'

UPF_RETENTION_MISSING: Retention register not properly configured
    Type: Power     Severity: Error    Occurrence: 1
    1: Retention strategy missing for state registers in domain PD_CORE

INFO_ANALYSIS: Power analysis information
    Type: Info     Severity: Info    Occurrence: 2
    1: Total power domains analyzed: 5
    2: Total isolation cells inserted: 24
