<CMD> update_constraint_mode -name func -sdc_files $func_sdc_files 
Reading timing constraints file '/projects/yunbao_N6_80bits_EW_PHY_OD_6400/input/latest/innovus_cons/user_setup_6400.ets' ...
Current (total cpu=0:11:06, real=0:03:28, peak res=6618.6M, current mem=5208.3M)
INFO (CTE): Constraints read successfully.
Ending "Constraint file reading stats" (total cpu=0:00:00.1, real=0:00:00.0, peak res=5208.6M, current mem=5208.6M)
Current (total cpu=0:11:06, real=0:03:29, peak res=6618.6M, current mem=5208.6M)
Reading timing constraints file '/projects/yunbao_N6_80bits_EW_PHY_OD_6400/input/latest/innovus_cons/cdn_hs_phy_data_slice.con.edi' ...
Current (total cpu=0:11:06, real=0:03:29, peak res=6618.6M, current mem=5208.6M)
**WARN: (TCLCMD-1531):	'set_case_analysis' has been applied on hierarchical pin 'inst_master_delay/inst_cal_dly_macro/inst_cal_delay_line/cal_qtr_delay_sel[2]' (File /projects/yunbao_N6_80bits_EW_PHY_OD_6400/input/latest/innovus_cons/cdn_hs_phy_data_slice.con.edi, Line 501).

**WARN: (TCLCMD-1531):	'set_case_analysis' has been applied on hierarchical pin 'inst_master_delay/inst_cal_dly_macro/inst_cal_delay_line/cal_qtr_delay_sel[1]' (File /projects/yunbao_N6_80bits_EW_PHY_OD_6400/input/latest/innovus_cons/cdn_hs_phy_data_slice.con.edi, Line 501).
------------------------------------------------------------
| ID                | Severity  | Count       | Description                                                                                                                                            |
--------------------------------------------------------------------------------------------------------------------------------------------------------------------------------------------------------
| IMPMSMV-8350      | error     | 1           | There are %d missing isolation violation nets and %d missing level shifter violation nets.  Use verifypowerdomain -isoNetPD -xNetPD to check those LP  |
|                   |           |             | violations in details.                                                                                                                                 |
| IMPMSMV-8623      | error     | 1439        | Primary PG term %s of Instance %s is connected to net %s which conflicts with primary power net %s of the domain %s specified in UPF. This can impact  |
|                   |           |             | the run time and quality of results.                                                                                                                   |
| IMPMSMV-8670      | error     | 1064        | Instance (%s) of power domain (%s) is placed inside fence of power domain (%s).                                                                        |
| IMPMSMV-8630      | warning   | 4           | Power domain (%s) in view (%s) has no user defined operating condition.                                                                                |
--------------------------------------------------------------------------------------------------------------------------------------------------------------------------------------------------------

------------------------------------------------------------
| ID                | Severity  | Count       | Description                                                                                                                                            |
--------------------------------------------------------------------------------------------------------------------------------------------------------------------------------------------------------
| CHKPLC-41         | error     | 1           | Design has util %.1f% > 100%, placer cannot proceed. The problem may be caused by density screens (softBlockages and partial blockages) or user-specif |
|                   |           |             | ied cell padding. Please correct this problem first.                                                                                                   |
| IMPFP-7006        | error     | 656         | Follow pin (Pin Box:%s) routed over hard macro (%s) should be cut at macro boundary.                                                                   |
| IMPPP-4418        | error     | 20          | The via for net %s in DPT layer %s does not align with the tracks at %f %f.                                                                            |
| IMPPP-4419        | error     | 20          | The color of PG wire which is a default width %f wire for net %s in layer %s should have the same color with the track at %f %f.                       |
| IMPPP-4420        | error     | 20          | The color of PG wire which is a non-default width %f wire for net %s in layer %s should have the opposite color with the track at %f %f.               |
| CHKPLC-18         | warning   | 29178       | Preplaced instance <%s> has vertical pin-track mask violation.                                                                                         |
--------------------------------------------------------------------------------------------------------------------------------------------------------------------------------------------------------
*** Memory Usage v#2 (Current mem = 15490.004M, initial mem = 821.137M) ***
*** Message Summary: 445953 warning(s), 4673 error(s)

