Test Report: IMP-2-0-0-11
================================================================================

[Test 1/6] Type 1 (requirements.value=N/A, waivers.value=N/A)
--------------------------------------------------------------------------------
Test ID: type1_na
Status: PASS

Checker Report Output:
PASS:IMP-2-0-0-11:List BEOL dummy rule deck name. eg: Dummy_BEOL_Pegasus_3nm_E_17M_1Xa1Xb1Xc1Xd1Ya1Yb4Y2Yy2Yx2R_014.11_1a
Info Occurrence: 1
1: Info: Dummy_BEOL_Pegasus_5nm_014.13_1a.M16". In line 179, C:\Users\chenweif\Checker_dev\CHECKLIST\CHECKLIST\IP_project_folder\logs\2.0\BEOL_pvl.log: BEOL dummy rule deck name successfully extracted from include statement

================================================================================

[Test 2/6] Type 1 (requirements.value=N/A, waivers.value=0)
--------------------------------------------------------------------------------
Test ID: type1_0
Status: PASS

Checker Report Output:
PASS:IMP-2-0-0-11:List BEOL dummy rule deck name. eg: Dummy_BEOL_Pegasus_3nm_E_17M_1Xa1Xb1Xc1Xd1Ya1Yb4Y2Yy2Yx2R_014.11_1a
Info Occurrence: 2
1: Info: Explanation: This check is informational only - BEOL rule deck name is extracted for reference: Explanation: This check is informational only - BEOL rule deck name is extracted for reference[WAIVED_INFO]
2: Info: Dummy_BEOL_Pegasus_5nm_014.13_1a.M16". In line 179, C:\Users\chenweif\Checker_dev\CHECKLIST\CHECKLIST\IP_project_folder\logs\2.0\BEOL_pvl.log: BEOL dummy rule deck name successfully extracted from include statement

================================================================================

[Test 3/6] Type 2 (requirements.value>0, waivers.value=N/A)
--------------------------------------------------------------------------------
Test ID: type2_na
Status: ERROR

Checker Report Output:
FAIL:IMP-2-0-0-11:List BEOL dummy rule deck name. eg: Dummy_BEOL_Pegasus_3nm_E_17M_1Xa1Xb1Xc1Xd1Ya1Yb4Y2Yy2Yx2R_014.11_1a
Fail Occurrence: 1
1: Fail: Dummy_BEOL_Pegasus_5nm_014.13_1a.M16. In line 179, C:\Users\chenweif\Checker_dev\CHECKLIST\CHECKLIST\IP_project_folder\logs\2.0\BEOL_pvl.log: BEOL dummy rule deck name does not match expected golden value or pattern not satisfied

================================================================================

[Test 4/6] Type 2 (requirements.value>0, waivers.value=0)
--------------------------------------------------------------------------------
Test ID: type2_0
Status: PASS

Checker Report Output:
PASS:IMP-2-0-0-11:List BEOL dummy rule deck name. eg: Dummy_BEOL_Pegasus_3nm_E_17M_1Xa1Xb1Xc1Xd1Ya1Yb4Y2Yy2Yx2R_014.11_1a
Info Occurrence: 2
1: Info: Explanation: BEOL rule deck version mismatch is acceptable for this design phase: Explanation: BEOL rule deck version mismatch is acceptable for this design phase[WAIVED_INFO]
2: Info: Dummy_BEOL_Pegasus_5nm_014.13_1a.M16. In line 179, C:\Users\chenweif\Checker_dev\CHECKLIST\CHECKLIST\IP_project_folder\logs\2.0\BEOL_pvl.log: BEOL dummy rule deck name does not match expected golden value or pattern not satisfied[WAIVED_AS_INFO]

================================================================================

[Test 5/6] Type 3
--------------------------------------------------------------------------------
Test ID: type3
Status: ERROR

Checker Report Output:
FAIL:IMP-2-0-0-11:List BEOL dummy rule deck name. eg: Dummy_BEOL_Pegasus_3nm_E_17M_1Xa1Xb1Xc1Xd1Ya1Yb4Y2Yy2Yx2R_014.11_1a
Fail Occurrence: 1
1: Fail: Dummy_BEOL_Pegasus_5nm_014.13_1a.M16. In line 179, C:\Users\chenweif\Checker_dev\CHECKLIST\CHECKLIST\IP_project_folder\logs\2.0\BEOL_pvl.log: BEOL dummy rule deck name does not match expected golden value or pattern not satisfied
Warn Occurrence: 2
1: Warn: Dummy_BEOL_Pegasus_5nm_014.11_1a.M16: Waiver not matched - no corresponding BEOL rule deck mismatch found: Waived - legacy BEOL rule deck version approved for this design per team agreement[WAIVER]
2: Warn: Dummy_BEOL_Pegasus_5nm_014.12_1a.M16: Waiver not matched - no corresponding BEOL rule deck mismatch found: Waived - intermediate version used for compatibility with existing tapeout flow[WAIVER]

================================================================================

[Test 6/6] Type 4
--------------------------------------------------------------------------------
Test ID: type4
Status: PASS

Checker Report Output:
PASS:IMP-2-0-0-11:List BEOL dummy rule deck name. eg: Dummy_BEOL_Pegasus_3nm_E_17M_1Xa1Xb1Xc1Xd1Ya1Yb4Y2Yy2Yx2R_014.11_1a
Warn Occurrence: 2
1: Warn: Dummy_BEOL_Pegasus_5nm_014.11_1a.M16: Waiver not matched - no corresponding BEOL rule deck mismatch found: Waived - legacy BEOL rule deck version approved for this design per team agreement[WAIVER]
2: Warn: Dummy_BEOL_Pegasus_5nm_014.12_1a.M16: Waiver not matched - no corresponding BEOL rule deck mismatch found: Waived - intermediate version used for compatibility with existing tapeout flow[WAIVER]
Info Occurrence: 1
1: Info: Dummy_BEOL_Pegasus_5nm_014.13_1a.M16". In line 179, C:\Users\chenweif\Checker_dev\CHECKLIST\CHECKLIST\IP_project_folder\logs\2.0\BEOL_pvl.log: BEOL dummy rule deck name successfully extracted from include statement

================================================================================

