Test Report: IMP-2-0-0-13
================================================================================

[Test 1/6] Type 1 (requirements.value=N/A, waivers.value=N/A)
--------------------------------------------------------------------------------
Test ID: type1_na
Status: PASS

Checker Report Output:
PASS:IMP-2-0-0-13:List Spice Model used for PGV generation. eg: tsmc3gp.a.4/models/spectre_v1d0_2p6/ir_em.scs
Info Occurrence: 1
1: Info: tsmc5g.a.12/models/spectre_v1d2_2p5/ir_em.scs. In line 3, C:\Users\chenweif\Checker_dev\CHECKLIST\CHECKLIST\IP_project_folder\logs\2.0\command_list.btxt: SPICE model path successfully extracted from command_list.btxt

================================================================================

[Test 2/6] Type 1 (requirements.value=N/A, waivers.value=0)
--------------------------------------------------------------------------------
Test ID: type1_0
Status: PASS

Checker Report Output:
PASS:IMP-2-0-0-13:List Spice Model used for PGV generation. eg: tsmc3gp.a.4/models/spectre_v1d0_2p6/ir_em.scs
Info Occurrence: 2
1: Info: Explanation: This check is informational only - SPICE model version is reported for reference: Explanation: This check is informational only - SPICE model version is reported for reference[WAIVED_INFO]
2: Info: tsmc5g.a.12/models/spectre_v1d2_2p5/ir_em.scs. In line 3, C:\Users\chenweif\Checker_dev\CHECKLIST\CHECKLIST\IP_project_folder\logs\2.0\command_list.btxt: SPICE model path successfully extracted from command_list.btxt

================================================================================

[Test 3/6] Type 2 (requirements.value>0, waivers.value=N/A)
--------------------------------------------------------------------------------
Test ID: type2_na
Status: PASS

Checker Report Output:
PASS:IMP-2-0-0-13:List Spice Model used for PGV generation. eg: tsmc3gp.a.4/models/spectre_v1d0_2p6/ir_em.scs
Info Occurrence: 1
1: Info: tsmc5g.a.12/models/spectre_v1d2_2p5/ir_em.scs. In line 3, C:\Users\chenweif\Checker_dev\CHECKLIST\CHECKLIST\IP_project_folder\logs\2.0\command_list.btxt: SPICE model version matched and validated against golden reference

================================================================================

[Test 4/6] Type 2 (requirements.value>0, waivers.value=0)
--------------------------------------------------------------------------------
Test ID: type2_0
Status: PASS

Checker Report Output:
PASS:IMP-2-0-0-13:List Spice Model used for PGV generation. eg: tsmc3gp.a.4/models/spectre_v1d0_2p6/ir_em.scs
Info Occurrence: 2
1: Info: Explanation: SPICE model version check is informational - version mismatches are acceptable: Explanation: SPICE model version check is informational - version mismatches are acceptable[WAIVED_INFO]
2: Info: tsmc5g.a.12/models/spectre_v1d2_2p5/ir_em.scs. In line 3, C:\Users\chenweif\Checker_dev\CHECKLIST\CHECKLIST\IP_project_folder\logs\2.0\command_list.btxt: SPICE model version matched and validated against golden reference

================================================================================

[Test 5/6] Type 3
--------------------------------------------------------------------------------
Test ID: type3
Status: PASS

Checker Report Output:
PASS:IMP-2-0-0-13:List Spice Model used for PGV generation. eg: tsmc3gp.a.4/models/spectre_v1d0_2p6/ir_em.scs
Warn Occurrence: 2
1: Warn: tsmc3gp.a.4/models/spectre_v1d0_2p6/ir_em.scs: Waiver not matched - no corresponding SPICE model version mismatch found: Waived - alternative SPICE model validated for PGV in this technology node[WAIVER]
2: Warn: tsmc5g.a.11/models/spectre_v1d1_2p5/ir_em.scs: Waiver not matched - no corresponding SPICE model version mismatch found: Waived - legacy SPICE model approved for this design per foundry team[WAIVER]
Info Occurrence: 1
1: Info: tsmc5g.a.12/models/spectre_v1d2_2p5/ir_em.scs. In line 3, C:\Users\chenweif\Checker_dev\CHECKLIST\CHECKLIST\IP_project_folder\logs\2.0\command_list.btxt: SPICE model version matched and validated against golden reference

================================================================================

[Test 6/6] Type 4
--------------------------------------------------------------------------------
Test ID: type4
Status: PASS

Checker Report Output:
PASS:IMP-2-0-0-13:List Spice Model used for PGV generation. eg: tsmc3gp.a.4/models/spectre_v1d0_2p6/ir_em.scs
Warn Occurrence: 2
1: Warn: tsmc3gp.a.4/models/spectre_v1d0_2p6/ir_em.scs: Waiver not matched - no corresponding SPICE model version mismatch found: Waived - alternative SPICE model validated for PGV in this technology node[WAIVER]
2: Warn: tsmc5g.a.11/models/spectre_v1d1_2p5/ir_em.scs: Waiver not matched - no corresponding SPICE model version mismatch found: Waived - legacy SPICE model approved for this design per foundry team[WAIVER]
Info Occurrence: 1
1: Info: tsmc5g.a.12/models/spectre_v1d2_2p5/ir_em.scs. In line 3, C:\Users\chenweif\Checker_dev\CHECKLIST\CHECKLIST\IP_project_folder\logs\2.0\command_list.btxt: SPICE model path successfully extracted from command_list.btxt

================================================================================

