FAIL:IMP-10-0-0-13:Confirm the max_capacitance check result is clean.
Fail Occurrence: 10
1: Fail: Pin 'atb_0': Required=0.0830, Actual=0.1375, Slack=-0.0545 (View: func_rcff_0p825v_125c_pcff_cmin_pcff3_hold). In line 10, C:\Users\yuyin\OneDrive - Cadence Design Systems Inc\2025\Checklist\AAI\CHECKLIST_V3\CHECKLIST\IP_project_folder\reports\10.0\maxcap_2.rpt: Max_capacitance violation found
2: Fail: Pin 'atb_0': Required=0.0830, Actual=0.1417, Slack=-0.0587 (View: func_rcff_0p825v_125c_pcff_cmin_pcss3_hold). In line 8, C:\Users\yuyin\OneDrive - Cadence Design Systems Inc\2025\Checklist\AAI\CHECKLIST_V3\CHECKLIST\IP_project_folder\reports\10.0\maxcap_1.rpt: Max_capacitance violation found
3: Fail: Pin 'atb_1': Required=0.0830, Actual=0.1376, Slack=-0.0547 (View: func_rcff_0p825v_125c_pcff_cmin_pcff3_hold). In line 8, C:\Users\yuyin\OneDrive - Cadence Design Systems Inc\2025\Checklist\AAI\CHECKLIST_V3\CHECKLIST\IP_project_folder\reports\10.0\maxcap_2.rpt: Max_capacitance violation found
4: Fail: Pin 'atb_1': Required=0.0830, Actual=0.1417, Slack=-0.0587 (View: func_rcff_0p825v_125c_pcff_cmin_pcss3_hold). In line 10, C:\Users\yuyin\OneDrive - Cadence Design Systems Inc\2025\Checklist\AAI\CHECKLIST_V3\CHECKLIST\IP_project_folder\reports\10.0\maxcap_1.rpt: Max_capacitance violation found
5: Fail: Pin 'cmnda_rext': Required=0.0830, Actual=0.1273, Slack=-0.0444 (View: func_rcff_0p825v_125c_pcff_cmin_pcff3_hold). In line 12, C:\Users\yuyin\OneDrive - Cadence Design Systems Inc\2025\Checklist\AAI\CHECKLIST_V3\CHECKLIST\IP_project_folder\reports\10.0\maxcap_2.rpt: Max_capacitance violation found
6: Fail: Pin 'cmnda_rext': Required=0.0830, Actual=0.1275, Slack=-0.0445 (View: func_rcff_0p825v_125c_pcff_cmin_pcss3_hold). In line 12, C:\Users\yuyin\OneDrive - Cadence Design Systems Inc\2025\Checklist\AAI\CHECKLIST_V3\CHECKLIST\IP_project_folder\reports\10.0\maxcap_1.rpt: Max_capacitance violation found
7: Fail: Pin 'u_pma_top/u_pma_ana_wrapper/u_pma_ana/cmnda_atb_core_0': Required=0.1000, Actual=0.1375, Slack=-0.0375 (View: func_rcff_0p825v_125c_pcff_cmin_pcff3_hold). In line 17, C:\Users\yuyin\OneDrive - Cadence Design Systems Inc\2025\Checklist\AAI\CHECKLIST_V3\CHECKLIST\IP_project_folder\reports\10.0\maxcap_2.rpt: Max_capacitance violation found
8: Fail: Pin 'u_pma_top/u_pma_ana_wrapper/u_pma_ana/cmnda_atb_core_0': Required=0.1000, Actual=0.1417, Slack=-0.0417 (View: func_rcff_0p825v_125c_pcff_cmin_pcss3_hold). In line 14, C:\Users\yuyin\OneDrive - Cadence Design Systems Inc\2025\Checklist\AAI\CHECKLIST_V3\CHECKLIST\IP_project_folder\reports\10.0\maxcap_1.rpt: Max_capacitance violation found
9: Fail: Pin 'u_pma_top/u_pma_ana_wrapper/u_pma_ana/cmnda_atb_core_1': Required=0.1000, Actual=0.1376, Slack=-0.0376 (View: func_rcff_0p825v_125c_pcff_cmin_pcff3_hold). In line 14, C:\Users\yuyin\OneDrive - Cadence Design Systems Inc\2025\Checklist\AAI\CHECKLIST_V3\CHECKLIST\IP_project_folder\reports\10.0\maxcap_2.rpt: Max_capacitance violation found
10: Fail: Pin 'u_pma_top/u_pma_ana_wrapper/u_pma_ana/cmnda_atb_core_1': Required=0.1000, Actual=0.1417, Slack=-0.0417 (View: func_rcff_0p825v_125c_pcff_cmin_pcss3_hold). In line 17, C:\Users\yuyin\OneDrive - Cadence Design Systems Inc\2025\Checklist\AAI\CHECKLIST_V3\CHECKLIST\IP_project_folder\reports\10.0\maxcap_1.rpt: Max_capacitance violation found
