FAIL:IMP-10-0-0-12:Confirm the max_transition check result is clean.
Fail Occurrence: 18
1: Fail: FE_ECO_0828_fix_transC52_cmn_ref_clk_int/clk (view: at_speed_rcff_0p825v_125c_pcff_cmin_pcff3_hold, slack: -0.1323ns). In line 24, C:\Users\yuyin\OneDrive - Cadence Design Systems Inc\2025\Checklist\AAI\CHECKLIST_V3\CHECKLIST\IP_project_folder\reports\10.0\maxtran_1.rpt: Max_transition violation detected
2: Fail: atb_0 (view: at_speed_rcff_0p825v_125c_pcff_cmin_pcff3_hold, slack: -0.4277ns). In line 14, C:\Users\yuyin\OneDrive - Cadence Design Systems Inc\2025\Checklist\AAI\CHECKLIST_V3\CHECKLIST\IP_project_folder\reports\10.0\maxtran_1.rpt: Max_transition violation detected
3: Fail: atb_0 (view: func_rcff_0p825v_125c_pcff_cmin_pcff3_hold, slack: -0.4277ns). In line 21, C:\Users\yuyin\OneDrive - Cadence Design Systems Inc\2025\Checklist\AAI\CHECKLIST_V3\CHECKLIST\IP_project_folder\reports\10.0\maxtran_2.rpt: Max_transition violation detected
4: Fail: atb_1 (view: at_speed_rcff_0p825v_125c_pcff_cmin_pcff3_hold, slack: -0.4285ns). In line 12, C:\Users\yuyin\OneDrive - Cadence Design Systems Inc\2025\Checklist\AAI\CHECKLIST_V3\CHECKLIST\IP_project_folder\reports\10.0\maxtran_1.rpt: Max_transition violation detected
5: Fail: atb_1 (view: func_rcff_0p825v_125c_pcff_cmin_pcff3_hold, slack: -0.4285ns). In line 19, C:\Users\yuyin\OneDrive - Cadence Design Systems Inc\2025\Checklist\AAI\CHECKLIST_V3\CHECKLIST\IP_project_folder\reports\10.0\maxtran_2.rpt: Max_transition violation detected
6: Fail: cmn_ref_clk_int (view: at_speed_rcff_0p825v_125c_pcff_cmin_pcff3_hold, slack: -0.0306ns). In line 30, C:\Users\yuyin\OneDrive - Cadence Design Systems Inc\2025\Checklist\AAI\CHECKLIST_V3\CHECKLIST\IP_project_folder\reports\10.0\maxtran_1.rpt: Max_transition violation detected
7: Fail: cmnda_rext (view: at_speed_rcff_0p825v_125c_pcff_cmin_pcff3_hold, slack: -0.3666ns). In line 19, C:\Users\yuyin\OneDrive - Cadence Design Systems Inc\2025\Checklist\AAI\CHECKLIST_V3\CHECKLIST\IP_project_folder\reports\10.0\maxtran_1.rpt: Max_transition violation detected
8: Fail: cmnda_rext (view: func_rcff_0p825v_125c_pcff_cmin_pcff3_hold, slack: -0.4666ns). In line 17, C:\Users\yuyin\OneDrive - Cadence Design Systems Inc\2025\Checklist\AAI\CHECKLIST_V3\CHECKLIST\IP_project_folder\reports\10.0\maxtran_2.rpt: Max_transition violation detected
9: Fail: u_pma_top/u_pma_ana_wrapper/u_pma_ana/cmnda_ref_clk_int (view: at_speed_rcff_0p825v_125c_pcff_cmin_pcff3_hold, slack: -0.3306ns). In line 21, C:\Users\yuyin\OneDrive - Cadence Design Systems Inc\2025\Checklist\AAI\CHECKLIST_V3\CHECKLIST\IP_project_folder\reports\10.0\maxtran_1.rpt: Max_transition violation detected
10: Fail: u_pma_top/u_pma_ana_wrapper/u_pma_ana/cmnda_ref_clk_int (view: func_rcff_0p825v_125c_pcff_cmin_pcff3_hold, slack: -0.0490ns). In line 23, C:\Users\yuyin\OneDrive - Cadence Design Systems Inc\2025\Checklist\AAI\CHECKLIST_V3\CHECKLIST\IP_project_folder\reports\10.0\maxtran_2.rpt: Max_transition violation detected
11: Fail: u_pma_top/u_pma_ana_wrapper/u_pma_ana/cmnda_rext (view: at_speed_rcff_0p825v_125c_pcff_cmin_pcff3_hold, slack: -0.4166ns). In line 16, C:\Users\yuyin\OneDrive - Cadence Design Systems Inc\2025\Checklist\AAI\CHECKLIST_V3\CHECKLIST\IP_project_folder\reports\10.0\maxtran_1.rpt: Max_transition violation detected
12: Fail: u_pma_top/u_pma_ana_wrapper/u_pma_ana/cmnda_rext (view: func_rcff_0p825v_125c_pcff_cmin_pcff3_hold, slack: -0.4666ns). In line 14, C:\Users\yuyin\OneDrive - Cadence Design Systems Inc\2025\Checklist\AAI\CHECKLIST_V3\CHECKLIST\IP_project_folder\reports\10.0\maxtran_2.rpt: Max_transition violation detected
13: Fail: u_pma_top/u_pma_ana_wrapper/u_pma_ana/data_se_pd_ctrl (view: at_speed_rcff_0p825v_125c_pcff_cmin_pcff3_hold, slack: -0.0023ns). In line 35, C:\Users\yuyin\OneDrive - Cadence Design Systems Inc\2025\Checklist\AAI\CHECKLIST_V3\CHECKLIST\IP_project_folder\reports\10.0\maxtran_1.rpt: Max_transition violation detected
14: Fail: u_pma_top/u_pma_ana_wrapper/u_pma_ana/data_se_pd_ctrl (view: func_rcff_0p825v_125c_pcff_cmin_pcff3_hold, slack: -0.0023ns). In line 32, C:\Users\yuyin\OneDrive - Cadence Design Systems Inc\2025\Checklist\AAI\CHECKLIST_V3\CHECKLIST\IP_project_folder\reports\10.0\maxtran_2.rpt: Max_transition violation detected
15: Fail: u_pma_top/u_pma_ana_wrapper/u_pma_ana/pma_ana_data_m (view: at_speed_rcff_0p825v_125c_pcff_cmin_pcff3_hold, slack: -0.5108ns). In line 6, C:\Users\yuyin\OneDrive - Cadence Design Systems Inc\2025\Checklist\AAI\CHECKLIST_V3\CHECKLIST\IP_project_folder\reports\10.0\maxtran_1.rpt: Max_transition violation detected
16: Fail: u_pma_top/u_pma_ana_wrapper/u_pma_ana/pma_ana_data_m (view: func_rcff_0p825v_125c_pcff_cmin_pcff3_hold, slack: -0.5108ns). In line 8, C:\Users\yuyin\OneDrive - Cadence Design Systems Inc\2025\Checklist\AAI\CHECKLIST_V3\CHECKLIST\IP_project_folder\reports\10.0\maxtran_2.rpt: Max_transition violation detected
17: Fail: u_pma_top/u_pma_ana_wrapper/u_pma_ana/pma_ana_data_p (view: at_speed_rcff_0p825v_125c_pcff_cmin_pcff3_hold, slack: -0.5108ns). In line 9, C:\Users\yuyin\OneDrive - Cadence Design Systems Inc\2025\Checklist\AAI\CHECKLIST_V3\CHECKLIST\IP_project_folder\reports\10.0\maxtran_1.rpt: Max_transition violation detected
18: Fail: u_pma_top/u_pma_ana_wrapper/u_pma_ana/pma_ana_data_p (view: func_rcff_0p825v_125c_pcff_cmin_pcff3_hold, slack: -0.5108ns). In line 11, C:\Users\yuyin\OneDrive - Cadence Design Systems Inc\2025\Checklist\AAI\CHECKLIST_V3\CHECKLIST\IP_project_folder\reports\10.0\maxtran_2.rpt: Max_transition violation detected
