FAIL:IMP-10-0-0-11:Confirm the timing of all path groups is clean.
Fail Occurrence: 7
1: Fail: View 'func_rcff_0p825v_125c_pcff_cmin_pcff3_hold' path_group 'default' hold: WNS=-0.0002ns (3 violations). In line 10, C:\Users\yuyin\OneDrive - Cadence Design Systems Inc\2025\Checklist\AAI\CHECKLIST_V3\CHECKLIST\IP_project_folder\reports\check_signoff.results: Timing violation detected
2: Fail: View 'func_rcff_0p825v_125c_pcff_cmin_pcss3_hold' path_group 'default' hold: WNS=-0.0013ns (14 violations). In line 11, C:\Users\yuyin\OneDrive - Cadence Design Systems Inc\2025\Checklist\AAI\CHECKLIST_V3\CHECKLIST\IP_project_folder\reports\check_signoff.results: Timing violation detected
3: Fail: View 'func_rcss_0p675v_125c_pcss_cmax_pcss3_setup' path_group 'default' setup: WNS=-0.2464ns (40 violations). In line 5, C:\Users\yuyin\OneDrive - Cadence Design Systems Inc\2025\Checklist\AAI\CHECKLIST_V3\CHECKLIST\IP_project_folder\reports\check_signoff.results: Timing violation detected
4: Fail: View 'func_rcss_0p675v_125c_pcss_cmax_prcf3_setup' path_group 'default' setup: WNS=-0.2300ns (40 violations). In line 6, C:\Users\yuyin\OneDrive - Cadence Design Systems Inc\2025\Checklist\AAI\CHECKLIST_V3\CHECKLIST\IP_project_folder\reports\check_signoff.results: Timing violation detected
5: Fail: View 'func_rcss_0p675v_125c_pcss_cmax_prcs3_setup' path_group 'default' setup: WNS=-0.2454ns (40 violations). In line 7, C:\Users\yuyin\OneDrive - Cadence Design Systems Inc\2025\Checklist\AAI\CHECKLIST_V3\CHECKLIST\IP_project_folder\reports\check_signoff.results: Timing violation detected
6: Fail: View 'func_rcss_0p675v_m40c_pcss_cmax_pcff3_setup' path_group 'default' setup: WNS=-0.2618ns (40 violations). In line 8, C:\Users\yuyin\OneDrive - Cadence Design Systems Inc\2025\Checklist\AAI\CHECKLIST_V3\CHECKLIST\IP_project_folder\reports\check_signoff.results: Timing violation detected
7: Fail: View 'func_rcss_0p675v_m40c_pcss_cmax_pcss3_setup' path_group 'default' setup: WNS=-0.2760ns (42 violations). In line 9, C:\Users\yuyin\OneDrive - Cadence Design Systems Inc\2025\Checklist\AAI\CHECKLIST_V3\CHECKLIST\IP_project_folder\reports\check_signoff.results: Timing violation detected
Info Occurrence: 11
1: Info: View 'func_rcss_0p675v_125c_pcss_cmax_pcff3_setup' path_group 'default' setup: WNS=-0.2318ns (40 violations). In line 4, C:\Users\yuyin\OneDrive - Cadence Design Systems Inc\2025\Checklist\AAI\CHECKLIST_V3\CHECKLIST\IP_project_folder\reports\check_signoff.results: Timing violation waived per design approval: Approved waiver - false path not properly constrained, will be fixed in SDC update[WAIVER]
2: Info: func_rcff_0p825v_125c_pcff_cmin_pcff3_hold: cgdefault (hold). In line 10, C:\Users\yuyin\OneDrive - Cadence Design Systems Inc\2025\Checklist\AAI\CHECKLIST_V3\CHECKLIST\IP_project_folder\reports\check_signoff.results: Path group meets timing requirements
3: Info: func_rcff_0p825v_125c_pcff_cmin_pcff3_hold: reg2reg (hold). In line 10, C:\Users\yuyin\OneDrive - Cadence Design Systems Inc\2025\Checklist\AAI\CHECKLIST_V3\CHECKLIST\IP_project_folder\reports\check_signoff.results: Path group meets timing requirements
4: Info: func_rcff_0p825v_125c_pcff_cmin_pcss3_hold: cgdefault (hold). In line 11, C:\Users\yuyin\OneDrive - Cadence Design Systems Inc\2025\Checklist\AAI\CHECKLIST_V3\CHECKLIST\IP_project_folder\reports\check_signoff.results: Path group meets timing requirements
5: Info: func_rcff_0p825v_125c_pcff_cmin_pcss3_hold: reg2reg (hold). In line 11, C:\Users\yuyin\OneDrive - Cadence Design Systems Inc\2025\Checklist\AAI\CHECKLIST_V3\CHECKLIST\IP_project_folder\reports\check_signoff.results: Path group meets timing requirements
6: Info: func_rcss_0p675v_125c_pcss_cmax_pcff3_setup: reg2reg (setup). In line 4, C:\Users\yuyin\OneDrive - Cadence Design Systems Inc\2025\Checklist\AAI\CHECKLIST_V3\CHECKLIST\IP_project_folder\reports\check_signoff.results: Path group meets timing requirements
7: Info: func_rcss_0p675v_125c_pcss_cmax_pcss3_setup: reg2reg (setup). In line 5, C:\Users\yuyin\OneDrive - Cadence Design Systems Inc\2025\Checklist\AAI\CHECKLIST_V3\CHECKLIST\IP_project_folder\reports\check_signoff.results: Path group meets timing requirements
8: Info: func_rcss_0p675v_125c_pcss_cmax_prcf3_setup: reg2reg (setup). In line 6, C:\Users\yuyin\OneDrive - Cadence Design Systems Inc\2025\Checklist\AAI\CHECKLIST_V3\CHECKLIST\IP_project_folder\reports\check_signoff.results: Path group meets timing requirements
9: Info: func_rcss_0p675v_125c_pcss_cmax_prcs3_setup: reg2reg (setup). In line 7, C:\Users\yuyin\OneDrive - Cadence Design Systems Inc\2025\Checklist\AAI\CHECKLIST_V3\CHECKLIST\IP_project_folder\reports\check_signoff.results: Path group meets timing requirements
10: Info: func_rcss_0p675v_m40c_pcss_cmax_pcff3_setup: reg2reg (setup). In line 8, C:\Users\yuyin\OneDrive - Cadence Design Systems Inc\2025\Checklist\AAI\CHECKLIST_V3\CHECKLIST\IP_project_folder\reports\check_signoff.results: Path group meets timing requirements
11: Info: func_rcss_0p675v_m40c_pcss_cmax_pcss3_setup: reg2reg (setup). In line 9, C:\Users\yuyin\OneDrive - Cadence Design Systems Inc\2025\Checklist\AAI\CHECKLIST_V3\CHECKLIST\IP_project_folder\reports\check_signoff.results: Path group meets timing requirements
