FAIL:IMP-7-0-0-02:Confirm no ERROR message during read constraints.
Fail Occurrence: 8
1: Fail: CHKPLC-41: Design has util %.1f% > 100%, placer cannot proceed. The problem may be caused by density screens (softBlockages and partial blockages) or user-specif. In line 26, C:\Users\yuyin\OneDrive - Cadence Design Systems Inc\2025\Checklist\AAI\CHECKLIST_V3\CHECKLIST\IP_project_folder\reports\7.0\IMP-7-0-0-02.rpt: ERROR message detected during constraint reading phase
2: Fail: IMPFP-7006: Follow pin (Pin Box:%s) routed over hard macro (%s) should be cut at macro boundary.. In line 28, C:\Users\yuyin\OneDrive - Cadence Design Systems Inc\2025\Checklist\AAI\CHECKLIST_V3\CHECKLIST\IP_project_folder\reports\7.0\IMP-7-0-0-02.rpt: ERROR message detected during constraint reading phase
3: Fail: IMPMSMV-8350: There are %d missing isolation violation nets and %d missing level shifter violation nets.  Use verifypowerdomain -isoNetPD -xNetPD to check those LP. In line 15, C:\Users\yuyin\OneDrive - Cadence Design Systems Inc\2025\Checklist\AAI\CHECKLIST_V3\CHECKLIST\IP_project_folder\reports\7.0\IMP-7-0-0-02.rpt: ERROR message detected during constraint reading phase
4: Fail: IMPMSMV-8623: Primary PG term %s of Instance %s is connected to net %s which conflicts with primary power net %s of the domain %s specified in UPF. This can impact. In line 17, C:\Users\yuyin\OneDrive - Cadence Design Systems Inc\2025\Checklist\AAI\CHECKLIST_V3\CHECKLIST\IP_project_folder\reports\7.0\IMP-7-0-0-02.rpt: ERROR message detected during constraint reading phase
5: Fail: IMPMSMV-8670: Instance (%s) of power domain (%s) is placed inside fence of power domain (%s).. In line 19, C:\Users\yuyin\OneDrive - Cadence Design Systems Inc\2025\Checklist\AAI\CHECKLIST_V3\CHECKLIST\IP_project_folder\reports\7.0\IMP-7-0-0-02.rpt: ERROR message detected during constraint reading phase
6: Fail: IMPPP-4418: The via for net %s in DPT layer %s does not align with the tracks at %f %f.. In line 29, C:\Users\yuyin\OneDrive - Cadence Design Systems Inc\2025\Checklist\AAI\CHECKLIST_V3\CHECKLIST\IP_project_folder\reports\7.0\IMP-7-0-0-02.rpt: ERROR message detected during constraint reading phase
7: Fail: IMPPP-4419: The color of PG wire which is a default width %f wire for net %s in layer %s should have the same color with the track at %f %f.. In line 30, C:\Users\yuyin\OneDrive - Cadence Design Systems Inc\2025\Checklist\AAI\CHECKLIST_V3\CHECKLIST\IP_project_folder\reports\7.0\IMP-7-0-0-02.rpt: ERROR message detected during constraint reading phase
8: Fail: IMPPP-4420: The color of PG wire which is a non-default width %f wire for net %s in layer %s should have the opposite color with the track at %f %f.. In line 31, C:\Users\yuyin\OneDrive - Cadence Design Systems Inc\2025\Checklist\AAI\CHECKLIST_V3\CHECKLIST\IP_project_folder\reports\7.0\IMP-7-0-0-02.rpt: ERROR message detected during constraint reading phase
