==========================================
3-NAND Structure Analysis Report
==========================================

Total NAND2 instances found: 5
NAND2_Instance                                               NAND2_X         NAND2_Y         Connected_Path                                                                  
--------------------------------------------------------------------------------------------------------------------------------------------------------------------------
cdn_hs_phy/inst_adrctl_slice_core/inst_ca_ctrl/inst_acs_io_cfg/inst_pclk_mux1/inst_mux_nand2/hic_dnt_nand2 1567.587 1099.140 cdn_hs_phy/inst_adrctl_slice_core/inst_ca_ctrl/inst_acs_io_cfg/inst_pclk_mux1/inst_mux_nand0/hic_dnt_nand2 -> cdn_hs_phy/inst_adrctl_slice_core/inst_ca_ctrl/inst_acs_io_cfg/inst_pclk_mux1/inst_mux_nand2/hic_dnt_nand2/A1 cdn_hs_phy/inst_adrctl_slice_core/inst_ca_ctrl/inst_acs_io_cfg/inst_pclk_mux1/inst_mux_nand0/hic_dnt_nand2/ZN
cdn_hs_phy/inst_adrctl_slice_core/inst_ca_ctrl/inst_acs_io_cfg/inst_pclk_mux1/inst_mux_nand2/hic_dnt_nand2 1567.587 1099.140 cdn_hs_phy/inst_adrctl_slice_core/inst_ca_ctrl/inst_acs_io_cfg/inst_pclk_mux1/inst_mux_nand1/hic_dnt_nand2 -> cdn_hs_phy/inst_adrctl_slice_core/inst_ca_ctrl/inst_acs_io_cfg/inst_pclk_mux1/inst_mux_nand2/hic_dnt_nand2/A2 cdn_hs_phy/inst_adrctl_slice_core/inst_ca_ctrl/inst_acs_io_cfg/inst_pclk_mux1/inst_mux_nand1/hic_dnt_nand2/ZN
cdn_hs_phy/inst_adrctl_slice_core/inst_ca_ctrl/inst_acs_io_cfg/inst_rx_pclk_mux1/inst_mux_nand2/hic_dnt_nand2 1628.379 1018.920 cdn_hs_phy/inst_adrctl_slice_core/inst_ca_ctrl/inst_acs_io_cfg/inst_rx_pclk_mux1/inst_mux_nand0/hic_dnt_nand2 -> cdn_hs_phy/inst_adrctl_slice_core/inst_ca_ctrl/inst_acs_io_cfg/inst_rx_pclk_mux1/inst_mux_nand2/hic_dnt_nand2/A1 cdn_hs_phy/inst_adrctl_slice_core/inst_ca_ctrl/inst_acs_io_cfg/inst_rx_pclk_mux1/inst_mux_nand0/hic_dnt_nand2/ZN
cdn_hs_phy/inst_adrctl_slice_core/inst_ca_ctrl/inst_acs_io_cfg/inst_rx_pclk_mux1/inst_mux_nand2/hic_dnt_nand2 1628.379 1018.920 cdn_hs_phy/inst_adrctl_slice_core/inst_ca_ctrl/inst_acs_io_cfg/inst_rx_pclk_mux1/inst_mux_nand1/hic_dnt_nand2 -> cdn_hs_phy/inst_adrctl_slice_core/inst_ca_ctrl/inst_acs_io_cfg/inst_rx_pclk_mux1/inst_mux_nand2/hic_dnt_nand2/A2 cdn_hs_phy/inst_adrctl_slice_core/inst_ca_ctrl/inst_acs_io_cfg/inst_rx_pclk_mux1/inst_mux_nand1/hic_dnt_nand2/ZN
cdn_hs_phy/inst_adrctl_slice_core/inst_ca_ctrl/inst_adr_calvl_top/inst_adr_calvl/inst_calvl_dq7_0_mux/inst_mux_nand2/hic_dnt_nand2 1507.611 1367.730 cdn_hs_phy/inst_adrctl_slice_core/inst_ca_ctrl/inst_adr_calvl_top/inst_adr_calvl/inst_calvl_dq7_0_mux/inst_mux_nand0/hic_dnt_nand2 -> cdn_hs_phy/inst_adrctl_slice_core/inst_ca_ctrl/inst_adr_calvl_top/inst_adr_calvl/inst_calvl_dq7_0_mux/inst_mux_nand2/hic_dnt_nand2/A1 cdn_hs_phy/inst_adrctl_slice_core/inst_ca_ctrl/inst_adr_calvl_top/inst_adr_calvl/inst_calvl_dq7_0_mux/inst_mux_nand0/hic_dnt_nand2/ZN

==========================================
End of Report
==========================================