PASS:IMP-8-0-0-09:Confirm we take care of the dynamic power optimization in the whole innovs flow(Check the Note)
Info Occurrence: 10
1: Info: Explanation: Power optimization configuration check is informational only for early design stages: Explanation: Power optimization configuration check is informational only for early design stages[WAIVED_INFO]
2: Info: getDesignMode -powerEffort high. In line 1, C:\Users\chyao\Desktop\checklist_dev\CHECKLIST\CHECKLIST\IP_project_folder\reports\8.0\IMP-8-0-0-09\getDesignMode: All power optimization settings found and correctly configured in all four configuration files
3: Info: getDesignMode -propagateActivity true. In line 2, C:\Users\chyao\Desktop\checklist_dev\CHECKLIST\CHECKLIST\IP_project_folder\reports\8.0\IMP-8-0-0-09\getDesignMode: All power optimization settings found and correctly configured in all four configuration files
4: Info: getNanoRouteMode -route_global_exp_power_driven_effort medium. In line 2, C:\Users\chyao\Desktop\checklist_dev\CHECKLIST\CHECKLIST\IP_project_folder\reports\8.0\IMP-8-0-0-09\getNanoRouteMode: All power optimization settings found and correctly configured in all four configuration files
5: Info: getNanoRouteMode -route_global_with_power_driven true. In line 1, C:\Users\chyao\Desktop\checklist_dev\CHECKLIST\CHECKLIST\IP_project_folder\reports\8.0\IMP-8-0-0-09\getNanoRouteMode: All power optimization settings found and correctly configured in all four configuration files
6: Info: getOptMode -opt_leakage_to_dynamic_ratio 0.2. In line 1, C:\Users\chyao\Desktop\checklist_dev\CHECKLIST\CHECKLIST\IP_project_folder\reports\8.0\IMP-8-0-0-09\getOptMode: All power optimization settings found and correctly configured in all four configuration files
7: Info: getOptMode -opt_power_effort high. In line 3, C:\Users\chyao\Desktop\checklist_dev\CHECKLIST\CHECKLIST\IP_project_folder\reports\8.0\IMP-8-0-0-09\getOptMode: All power optimization settings found and correctly configured in all four configuration files
8: Info: getOptMode -opt_route_type_for_power true. In line 2, C:\Users\chyao\Desktop\checklist_dev\CHECKLIST\CHECKLIST\IP_project_folder\reports\8.0\IMP-8-0-0-09\getOptMode: All power optimization settings found and correctly configured in all four configuration files
9: Info: get_default_switching_activity -input_activity 0.15. In line 1, C:\Users\chyao\Desktop\checklist_dev\CHECKLIST\CHECKLIST\IP_project_folder\reports\8.0\IMP-8-0-0-09\get_default_switching_activity: All power optimization settings found and correctly configured in all four configuration files
10: Info: get_default_switching_activity -clip_activity_to_domain_freq {} (expected: true). In line 2, C:\Users\chyao\Desktop\checklist_dev\CHECKLIST\CHECKLIST\IP_project_folder\reports\8.0\IMP-8-0-0-09\get_default_switching_activity: Required power optimization settings not found or incorrectly configured in configuration files[WAIVED_AS_INFO]
