PASS:IMP-8-0-0-01:Confirm all ports are assigned on metal track.
Info Occurrence: 79
1: Info: Explanation: Port placement violations are informational during early design stages: Explanation: Port placement violations are informational during early design stages[WAIVED_INFO]
2: Info: atb_dm_0_pre: NOT ON ROUTING TRACK: Ports not found on metal routing tracks - placement verification failed[WAIVED_AS_INFO]
3: Info: atb_dm_1_pre: NOT ON ROUTING TRACK: Ports not found on metal routing tracks - placement verification failed[WAIVED_AS_INFO]
4: Info: atb_dm_2_pre: NOT ON ROUTING TRACK: Ports not found on metal routing tracks - placement verification failed[WAIVED_AS_INFO]
5: Info: atb_dqs_0_pre: NOT ON ROUTING TRACK: Ports not found on metal routing tracks - placement verification failed[WAIVED_AS_INFO]
6: Info: atb_dqs_1_pre: NOT ON ROUTING TRACK: Ports not found on metal routing tracks - placement verification failed[WAIVED_AS_INFO]
7: Info: atb_dqs_2_pre: NOT ON ROUTING TRACK: Ports not found on metal routing tracks - placement verification failed[WAIVED_AS_INFO]
8: Info: atb_gate_feedback_0_pre: NOT ON ROUTING TRACK: Ports not found on metal routing tracks - placement verification failed[WAIVED_AS_INFO]
9: Info: atb_gate_feedback_1_pre: NOT ON ROUTING TRACK: Ports not found on metal routing tracks - placement verification failed[WAIVED_AS_INFO]
10: Info: atb_gate_feedback_2_pre: NOT ON ROUTING TRACK: Ports not found on metal routing tracks - placement verification failed[WAIVED_AS_INFO]
11: Info: atb_x4_gate_feedback_0_pre: NOT ON ROUTING TRACK: Ports not found on metal routing tracks - placement verification failed[WAIVED_AS_INFO]
12: Info: atb_x4_gate_feedback_1_pre: NOT ON ROUTING TRACK: Ports not found on metal routing tracks - placement verification failed[WAIVED_AS_INFO]
13: Info: atb_x4_gate_feedback_2_pre: NOT ON ROUTING TRACK: Ports not found on metal routing tracks - placement verification failed[WAIVED_AS_INFO]
14: Info: clk4x: NOT ON ROUTING TRACK: Ports not found on metal routing tracks - placement verification failed[WAIVED_AS_INFO]
15: Info: clk_phy_bypass: NOT ON ROUTING TRACK: Ports not found on metal routing tracks - placement verification failed[WAIVED_AS_INFO]
16: Info: clk_switch_is_done: NOT ON ROUTING TRACK: Ports not found on metal routing tracks - placement verification failed[WAIVED_AS_INFO]
17: Info: ctrlupd_ack: NOT ON ROUTING TRACK: Ports not found on metal routing tracks - placement verification failed[WAIVED_AS_INFO]
18: Info: ctrlupd_req: NOT ON ROUTING TRACK: Ports not found on metal routing tracks - placement verification failed[WAIVED_AS_INFO]
19: Info: dcc_phyupd_req_dslice: NOT ON ROUTING TRACK: Ports not found on metal routing tracks - placement verification failed[WAIVED_AS_INFO]
20: Info: dfi_calvl_done: NOT ON ROUTING TRACK: Ports not found on metal routing tracks - placement verification failed[WAIVED_AS_INFO]
21: Info: dfi_calvl_en: NOT ON ROUTING TRACK: Ports not found on metal routing tracks - placement verification failed[WAIVED_AS_INFO]
22: Info: dfi_ddr5_wrlvl_cmd_stop_dcc: NOT ON ROUTING TRACK: Ports not found on metal routing tracks - placement verification failed[WAIVED_AS_INFO]
23: Info: dfi_enum: NOT ON ROUTING TRACK: Ports not found on metal routing tracks - placement verification failed[WAIVED_AS_INFO]
24: Info: dfi_init_complete: NOT ON ROUTING TRACK: Ports not found on metal routing tracks - placement verification failed[WAIVED_AS_INFO]
25: Info: dfi_init_start_period: NOT ON ROUTING TRACK: Ports not found on metal routing tracks - placement verification failed[WAIVED_AS_INFO]
26: Info: dfi_lvl_periodic: NOT ON ROUTING TRACK: Ports not found on metal routing tracks - placement verification failed[WAIVED_AS_INFO]
27: Info: dqs_error_merge: NOT ON ROUTING TRACK: Ports not found on metal routing tracks - placement verification failed[WAIVED_AS_INFO]
28: Info: dqs_ratio_ds: NOT ON ROUTING TRACK: Ports not found on metal routing tracks - placement verification failed[WAIVED_AS_INFO]
29: Info: ds_aging_toggle_sel: NOT ON ROUTING TRACK: Ports not found on metal routing tracks - placement verification failed[WAIVED_AS_INFO]
30: Info: ds_for_ca_path: NOT ON ROUTING TRACK: Ports not found on metal routing tracks - placement verification failed[WAIVED_AS_INFO]
31: Info: ds_mstr_lck_byp: NOT ON ROUTING TRACK: Ports not found on metal routing tracks - placement verification failed[WAIVED_AS_INFO]
32: Info: gate_fdbk_byp_en: NOT ON ROUTING TRACK: Ports not found on metal routing tracks - placement verification failed[WAIVED_AS_INFO]
33: Info: gate_fdbk_shutoff: NOT ON ROUTING TRACK: Ports not found on metal routing tracks - placement verification failed[WAIVED_AS_INFO]
34: Info: gate_fdbk_shutoff_gt: NOT ON ROUTING TRACK: Ports not found on metal routing tracks - placement verification failed[WAIVED_AS_INFO]
35: Info: iddq_en: NOT ON ROUTING TRACK: Ports not found on metal routing tracks - placement verification failed[WAIVED_AS_INFO]
36: Info: ie_shutoff_in_ds_R: NOT ON ROUTING TRACK: Ports not found on metal routing tracks - placement verification failed[WAIVED_AS_INFO]
37: Info: init_upd_rdy_dslice: NOT ON ROUTING TRACK: Ports not found on metal routing tracks - placement verification failed[WAIVED_AS_INFO]
38: Info: initial_lock_dslice: NOT ON ROUTING TRACK: Ports not found on metal routing tracks - placement verification failed[WAIVED_AS_INFO]
39: Info: lp_ds_en_data: NOT ON ROUTING TRACK: Ports not found on metal routing tracks - placement verification failed[WAIVED_AS_INFO]
40: Info: lp_ls_clk_en: NOT ON ROUTING TRACK: Ports not found on metal routing tracks - placement verification failed[WAIVED_AS_INFO]
41: Info: lp_ls_ds_en_io_data: NOT ON ROUTING TRACK: Ports not found on metal routing tracks - placement verification failed[WAIVED_AS_INFO]
42: Info: lp_ls_mstr_clk_en: NOT ON ROUTING TRACK: Ports not found on metal routing tracks - placement verification failed[WAIVED_AS_INFO]
43: Info: lvl_data_valid: NOT ON ROUTING TRACK: Ports not found on metal routing tracks - placement verification failed[WAIVED_AS_INFO]
44: Info: lvl_slice_calc_ready: NOT ON ROUTING TRACK: Ports not found on metal routing tracks - placement verification failed[WAIVED_AS_INFO]
45: Info: ntp_active_in: NOT ON ROUTING TRACK: Ports not found on metal routing tracks - placement verification failed[WAIVED_AS_INFO]
46: Info: ntp_active_out: NOT ON ROUTING TRACK: Ports not found on metal routing tracks - placement verification failed[WAIVED_AS_INFO]
47: Info: obs_pad_gate_feedback: NOT ON ROUTING TRACK: Ports not found on metal routing tracks - placement verification failed[WAIVED_AS_INFO]
48: Info: obs_pad_mem_dm: NOT ON ROUTING TRACK: Ports not found on metal routing tracks - placement verification failed[WAIVED_AS_INFO]
49: Info: obs_pad_mem_dqs: NOT ON ROUTING TRACK: Ports not found on metal routing tracks - placement verification failed[WAIVED_AS_INFO]
50: Info: obs_pad_x4_gate_feedback: NOT ON ROUTING TRACK: Ports not found on metal routing tracks - placement verification failed[WAIVED_AS_INFO]
51: Info: param_phy_low_freq_sel_slice_clk: NOT ON ROUTING TRACK: Ports not found on metal routing tracks - placement verification failed[WAIVED_AS_INFO]
52: Info: phy_bist_ddl_en: NOT ON ROUTING TRACK: Ports not found on metal routing tracks - placement verification failed[WAIVED_AS_INFO]
53: Info: phy_bist_done: NOT ON ROUTING TRACK: Ports not found on metal routing tracks - placement verification failed[WAIVED_AS_INFO]
54: Info: phy_bist_en: NOT ON ROUTING TRACK: Ports not found on metal routing tracks - placement verification failed[WAIVED_AS_INFO]
55: Info: phy_bist_en_pad: NOT ON ROUTING TRACK: Ports not found on metal routing tracks - placement verification failed[WAIVED_AS_INFO]
56: Info: phy_cs_adj_delay: NOT ON ROUTING TRACK: Ports not found on metal routing tracks - placement verification failed[WAIVED_AS_INFO]
57: Info: phy_ddl_data_track_en_dslice: NOT ON ROUTING TRACK: Ports not found on metal routing tracks - placement verification failed[WAIVED_AS_INFO]
58: Info: phy_regif_enable_slice: NOT ON ROUTING TRACK: Ports not found on metal routing tracks - placement verification failed[WAIVED_AS_INFO]
59: Info: phyupd_ack_dcc_dslice: NOT ON ROUTING TRACK: Ports not found on metal routing tracks - placement verification failed[WAIVED_AS_INFO]
60: Info: phyupd_ack_gt_dslice: NOT ON ROUTING TRACK: Ports not found on metal routing tracks - placement verification failed[WAIVED_AS_INFO]
61: Info: phyupd_ext_ack_dslice: NOT ON ROUTING TRACK: Ports not found on metal routing tracks - placement verification failed[WAIVED_AS_INFO]
62: Info: phyupd_ext_req_dslice: NOT ON ROUTING TRACK: Ports not found on metal routing tracks - placement verification failed[WAIVED_AS_INFO]
63: Info: phyupd_gt_req_accpt_dslice: NOT ON ROUTING TRACK: Ports not found on metal routing tracks - placement verification failed[WAIVED_AS_INFO]
64: Info: phyupd_int_ack_dslice: NOT ON ROUTING TRACK: Ports not found on metal routing tracks - placement verification failed[WAIVED_AS_INFO]
65: Info: phyupd_int_req_dslice: NOT ON ROUTING TRACK: Ports not found on metal routing tracks - placement verification failed[WAIVED_AS_INFO]
66: Info: phyupd_int_req_gt_dslice: NOT ON ROUTING TRACK: Ports not found on metal routing tracks - placement verification failed[WAIVED_AS_INFO]
67: Info: phyupd_man_req_dslice: NOT ON ROUTING TRACK: Ports not found on metal routing tracks - placement verification failed[WAIVED_AS_INFO]
68: Info: pll_ready: NOT ON ROUTING TRACK: Ports not found on metal routing tracks - placement verification failed[WAIVED_AS_INFO]
69: Info: rd_dbi_disable: NOT ON ROUTING TRACK: Ports not found on metal routing tracks - placement verification failed[WAIVED_AS_INFO]
70: Info: reg_command_ready_slice: NOT ON ROUTING TRACK: Ports not found on metal routing tracks - placement verification failed[WAIVED_AS_INFO]
71: Info: reg_command_valid_slice: NOT ON ROUTING TRACK: Ports not found on metal routing tracks - placement verification failed[WAIVED_AS_INFO]
72: Info: reg_write_slice: NOT ON ROUTING TRACK: Ports not found on metal routing tracks - placement verification failed[WAIVED_AS_INFO]
73: Info: regout_accept_slice: NOT ON ROUTING TRACK: Ports not found on metal routing tracks - placement verification failed[WAIVED_AS_INFO]
74: Info: regout_valid_slice: NOT ON ROUTING TRACK: Ports not found on metal routing tracks - placement verification failed[WAIVED_AS_INFO]
75: Info: rptr_rst: NOT ON ROUTING TRACK: Ports not found on metal routing tracks - placement verification failed[WAIVED_AS_INFO]
76: Info: rptr_sel: NOT ON ROUTING TRACK: Ports not found on metal routing tracks - placement verification failed[WAIVED_AS_INFO]
77: Info: slice_cs_adj_delay: NOT ON ROUTING TRACK: Ports not found on metal routing tracks - placement verification failed[WAIVED_AS_INFO]
78: Info: slice_init_complete: NOT ON ROUTING TRACK: Ports not found on metal routing tracks - placement verification failed[WAIVED_AS_INFO]
79: Info: static_aging_toggle: NOT ON ROUTING TRACK: Ports not found on metal routing tracks - placement verification failed[WAIVED_AS_INFO]
