FAIL:IMP-8-0-0-23:confirm no unplaced cells in design.
Fail Occurrence: 9
1: Fail: inst_data_ctrl_top/inst_ctrl_gen/g26516__9945. In line 1, C:\Users\chyao\Desktop\checklist_dev\CHECKLIST\CHECKLIST\IP_project_folder\reports\8.0\IMP-8-0-0-23\IMP-8-0-0-23_case1.rpt: Cell placement status not satisfied - instance remains unplaced
2: Fail: inst_data_ctrl_top/inst_ctrl_gen/g26625__4733. In line 1, C:\Users\chyao\Desktop\checklist_dev\CHECKLIST\CHECKLIST\IP_project_folder\reports\8.0\IMP-8-0-0-23\IMP-8-0-0-23_case1.rpt: Cell placement status not satisfied - instance remains unplaced
3: Fail: inst_data_param_top/inst_data_slice_param/FE_OFC54006_n. In line 1, C:\Users\chyao\Desktop\checklist_dev\CHECKLIST\CHECKLIST\IP_project_folder\reports\8.0\IMP-8-0-0-23\IMP-8-0-0-23_case1.rpt: Cell placement status not satisfied - instance remains unplaced
4: Fail: inst_data_param_top/inst_data_slice_param/inst_param_regout/g99009. In line 1, C:\Users\chyao\Desktop\checklist_dev\CHECKLIST\CHECKLIST\IP_project_folder\reports\8.0\IMP-8-0-0-23\IMP-8-0-0-23_case1.rpt: Cell placement status not satisfied - instance remains unplaced
5: Fail: inst_data_param_top/inst_data_slice_param/inst_phy_x4_dq_tsel_rd_timing/g1106. In line 1, C:\Users\chyao\Desktop\checklist_dev\CHECKLIST\CHECKLIST\IP_project_folder\reports\8.0\IMP-8-0-0-23\IMP-8-0-0-23_case1.rpt: Cell placement status not satisfied - instance remains unplaced
6: Fail: inst_data_param_top/inst_data_slice_param/inst_phy_x4_dq_tsel_rd_timing/g1147. In line 1, C:\Users\chyao\Desktop\checklist_dev\CHECKLIST\CHECKLIST\IP_project_folder\reports\8.0\IMP-8-0-0-23\IMP-8-0-0-23_case1.rpt: Cell placement status not satisfied - instance remains unplaced
7: Fail: inst_data_param_top/inst_data_slice_param/inst_phy_x4_dqs_tsel_rd_timing/g1105. In line 1, C:\Users\chyao\Desktop\checklist_dev\CHECKLIST\CHECKLIST\IP_project_folder\reports\8.0\IMP-8-0-0-23\IMP-8-0-0-23_case1.rpt: Cell placement status not satisfied - instance remains unplaced
8: Fail: inst_data_param_top/inst_data_slice_param/inst_phy_x4_dqs_tsel_rd_timing/g1106. In line 1, C:\Users\chyao\Desktop\checklist_dev\CHECKLIST\CHECKLIST\IP_project_folder\reports\8.0\IMP-8-0-0-23\IMP-8-0-0-23_case1.rpt: Cell placement status not satisfied - instance remains unplaced
9: Fail: inst_data_param_top/inst_data_slice_param/inst_phy_x4_dqs_tsel_rd_timing/g1107. In line 1, C:\Users\chyao\Desktop\checklist_dev\CHECKLIST\CHECKLIST\IP_project_folder\reports\8.0\IMP-8-0-0-23\IMP-8-0-0-23_case1.rpt: Cell placement status not satisfied - instance remains unplaced
