Port: pad_mem_dqs_p; Direction: bidi; Port_Pt: {117.9 313.5}; Port_connected_cell_name: cdns_ddr_diff_txrx_h; Port_connected_cell_pt: {0.0 269.04}; Port_connected_cell_pStatus: fixed; 
Port: pad_mem_dqs_m; Direction: bidi; Port_Pt: {117.9 283.86}; Port_connected_cell_name: cdns_ddr_diff_txrx_h; Port_connected_cell_pt: {0.0 269.04}; Port_connected_cell_pStatus: fixed; 
Port: {pad_mem_data[7]}; Direction: bidi; Port_Pt: {117.9 15.96}; Port_connected_cell_name: cdns_ddr_se_txrx_h; Port_connected_cell_pt: {0.0 1.14}; Port_connected_cell_pStatus: fixed; 
Port: clk4x; Direction: input; Port_Pt: {752.0 285.008}; Port_connected_cell_name: DCCKND8BWP300H8P64PDULVT; Port_connected_cell_pt: {748.672 285.0}; Port_connected_cell_pStatus: fixed; 
Port: pll_clk_mode; Direction: input; Port_Pt: {752.0 288.388}; Port_connected_cell_name: BUFFD5BWP300H8P64PDULVT; Port_connected_cell_pt: {748.544 288.9}; Port_connected_cell_pStatus: fixed; 
Port: clk_ctlr_1x_mode; Direction: input; Port_Pt: {752.0 287.704}; Port_connected_cell_name: BUFFD5BWP300H8P64PDULVT; Port_connected_cell_pt: {746.816 287.4}; Port_connected_cell_pStatus: fixed; 
Port: clk_phy_bypass; Direction: input; Port_Pt: {752.0 291.812}; Port_connected_cell_name: DCCKND8BWP300H8P64PDULVT; Port_connected_cell_pt: {748.672 290.7}; Port_connected_cell_pStatus: fixed; 
Port: clk_switch_is_done; Direction: input; Port_Pt: {752.0 331.784}; Port_connected_cell_name: BUFFD5BWP300H8P64PDULVT; Port_connected_cell_pt: {747.712 332.1}; Port_connected_cell_pStatus: fixed; 
Port: reset_clk_div; Direction: input; Port_Pt: {752.0 290.972}; Port_connected_cell_name: BUFFD5BWP300H8P64PDULVT; Port_connected_cell_pt: {745.984 290.7}; Port_connected_cell_pStatus: fixed;
Port: atb0_int; Direction: bidi; Port_Pt: {335.882 535.8}; Port_connected_cell_name: cdns_ddr_fb_txrx_h cdns_ddr_vref_dfe_h cdns_ddr_vref_dfe_h cdns_ddr_fb_txrx_h cdns_ddr_diff_txrx_h cdns_ddr_diff_txrx_h cdns_ddr_se_txrx_h cdns_ddr_se_txrx_h cdns_ddr_se_txrx_h cdns_ddr_se_txrx_h cdns_ddr_se_txrx_h cdns_ddr_se_txrx_h cdns_ddr_se_txrx_h cdns_ddr_se_txrx_h; Port_connected_cell_pt: {0.0 178.98} {0.0 149.34} {0.0 357.96} {0.0 328.32} {0.0 269.04} {0.0 208.62} {0.0 1.14} {0.0 30.78} {0.0 60.42} {0.0 90.06} {0.0 417.24} {0.0 446.88} {0.0 476.52} {0.0 506.16}; Port_connected_cell_pStatus: fixed fixed fixed fixed fixed fixed fixed fixed fixed fixed fixed fixed fixed fixed; 
Port: atb1_int; Direction: bidi; Port_Pt: {333.374 535.8}; Port_connected_cell_name: cdns_ddr_fb_txrx_h cdns_ddr_vref_dfe_h cdns_ddr_vref_dfe_h cdns_ddr_fb_txrx_h cdns_ddr_diff_txrx_h cdns_ddr_diff_txrx_h cdns_ddr_se_txrx_h cdns_ddr_se_txrx_h cdns_ddr_se_txrx_h cdns_ddr_se_txrx_h cdns_ddr_se_txrx_h cdns_ddr_se_txrx_h cdns_ddr_se_txrx_h cdns_ddr_se_txrx_h; Port_connected_cell_pt: {0.0 178.98} {0.0 149.34} {0.0 357.96} {0.0 328.32} {0.0 269.04} {0.0 208.62} {0.0 1.14} {0.0 30.78} {0.0 60.42} {0.0 90.06} {0.0 417.24} {0.0 446.88} {0.0 476.52} {0.0 506.16}; Port_connected_cell_pStatus: fixed fixed fixed fixed fixed fixed fixed fixed fixed fixed fixed fixed fixed fixed;
Port: {regout_slice[0]}; Direction: output; Port_Pt: {752.0 178.568}; Port_connected_cell_name: BUFFD5BWP300H8P64PDULVT; Port_connected_cell_pt: {747.712 179.1}; Port_connected_cell_pStatus: fixed; 
Port: regout_accept_slice; Direction: input; Port_Pt: {752.0 178.264}; Port_connected_cell_name: BUFFD5BWP300H8P64PDULVT; Port_connected_cell_pt: {748.544 178.2}; Port_connected_cell_pStatus: fixed; 
Port: regout_valid_slice; Direction: output; Port_Pt: {752.0 178.036}; Port_connected_cell_name: BUFFD5BWP300H8P64PDULVT; Port_connected_cell_pt: {746.816 176.7}; Port_connected_cell_pStatus: fixed; 